[    0.000000] Initializing cgroup subsys cpuset
[    0.000000] Initializing cgroup subsys cpu
[    0.000000] Initializing cgroup subsys cpuacct
[    0.000000] Linux version 4.4.0-1052-aws (buildd@lgw01-amd64-031) (gcc version 5.4.0 20160609 (Ubuntu 5.4.0-6ubuntu1~16.04.9) ) #61-Ubuntu SMP Mon Feb 12 23:05:58 UTC 2018 (Ubuntu 4.4.0-1052.61-aws 4.4.98)
[    0.000000] Command line: BOOT_IMAGE=/boot/vmlinuz-4.4.0-1052-aws root=UUID=b6adc449-5e3d-4331-ba6b-6e99a75fa48e ro console=tty1 console=ttyS0 nvme.io_timeout=4294967295
[    0.000000] KERNEL supported cpus:
[    0.000000]   Intel GenuineIntel
[    0.000000]   AMD AuthenticAMD
[    0.000000]   Centaur CentaurHauls
[    0.000000] x86/fpu: xstate_offset[2]:  576, xstate_sizes[2]:  256
[    0.000000] x86/fpu: Supporting XSAVE feature 0x01: 'x87 floating point registers'
[    0.000000] x86/fpu: Supporting XSAVE feature 0x02: 'SSE registers'
[    0.000000] x86/fpu: Supporting XSAVE feature 0x04: 'AVX registers'
[    0.000000] x86/fpu: Enabled xstate features 0x7, context size is 832 bytes, using 'standard' format.
[    0.000000] x86/fpu: Using 'eager' FPU context switches.
[    0.000000] e820: BIOS-provided physical RAM map:
[    0.000000] BIOS-e820: [mem 0x0000000000000000-0x000000000009dfff] usable
[    0.000000] BIOS-e820: [mem 0x000000000009e000-0x000000000009ffff] reserved
[    0.000000] BIOS-e820: [mem 0x00000000000e0000-0x00000000000fffff] reserved
[    0.000000] BIOS-e820: [mem 0x0000000000100000-0x000000003fffffff] usable
[    0.000000] BIOS-e820: [mem 0x00000000fc000000-0x00000000ffffffff] reserved
[    0.000000] NX (Execute Disable) protection: active
[    0.000000] SMBIOS 2.7 present.
[    0.000000] DMI: Xen HVM domU, BIOS 4.2.amazon 08/24/2006
[    0.000000] Hypervisor detected: Xen
[    0.000000] Xen version 4.2.
[    0.000000] Xen Platform PCI: I/O protocol version 1
[    0.000000] Netfront and the Xen platform PCI driver have been compiled for this kernel: unplug emulated NICs.
[    0.000000] Blkfront and the Xen platform PCI driver have been compiled for this kernel: unplug emulated disks.
               You might have to change the root device
               from /dev/hd[a-d] to /dev/xvd[a-d]
               in your root= kernel command line option
[    0.000000] HVMOP_pagetable_dying not supported
[    0.000000] e820: update [mem 0x00000000-0x00000fff] usable ==> reserved
[    0.000000] e820: remove [mem 0x000a0000-0x000fffff] usable
[    0.000000] e820: last_pfn = 0x40000 max_arch_pfn = 0x400000000
[    0.000000] MTRR default type: write-back
[    0.000000] MTRR fixed ranges enabled:
[    0.000000]   00000-9FFFF write-back
[    0.000000]   A0000-BFFFF write-combining
[    0.000000]   C0000-FFFFF write-back
[    0.000000] MTRR variable ranges enabled:
[    0.000000]   0 base 0000F0000000 mask 3FFFF8000000 uncachable
[    0.000000]   1 base 0000F8000000 mask 3FFFFC000000 uncachable
[    0.000000]   2 disabled
[    0.000000]   3 disabled
[    0.000000]   4 disabled
[    0.000000]   5 disabled
[    0.000000]   6 disabled
[    0.000000]   7 disabled
[    0.000000] x86/PAT: Configuration [0-7]: WB  WC  UC- UC  WB  WC  UC- WT  
[    0.000000] found SMP MP-table at [mem 0x000fbc20-0x000fbc2f] mapped at [ffff8800000fbc20]
[    0.000000] Scanning 1 areas for low memory corruption
[    0.000000] Base memory trampoline at [ffff880000098000] 98000 size 24576
[    0.000000] BRK [0x021fd000, 0x021fdfff] PGTABLE
[    0.000000] BRK [0x021fe000, 0x021fefff] PGTABLE
[    0.000000] BRK [0x021ff000, 0x021fffff] PGTABLE
[    0.000000] RAMDISK: [mem 0x367c4000-0x373d9fff]
[    0.000000] ACPI: Early table checksum verification disabled
[    0.000000] ACPI: RSDP 0x00000000000EA020 000024 (v02 Xen   )
[    0.000000] ACPI: XSDT 0x00000000FC00DDC0 000054 (v01 Xen    HVM      00000000 HVML 00000000)
[    0.000000] ACPI: FACP 0x00000000FC00DA80 0000F4 (v04 Xen    HVM      00000000 HVML 00000000)
[    0.000000] ACPI: DSDT 0x00000000FC001CE0 00BD19 (v02 Xen    HVM      00000000 INTL 20090123)
[    0.000000] ACPI: FACS 0x00000000FC001CA0 000040
[    0.000000] ACPI: FACS 0x00000000FC001CA0 000040
[    0.000000] ACPI: APIC 0x00000000FC00DB80 0000D8 (v02 Xen    HVM      00000000 HVML 00000000)
[    0.000000] ACPI: HPET 0x00000000FC00DCD0 000038 (v01 Xen    HVM      00000000 HVML 00000000)
[    0.000000] ACPI: WAET 0x00000000FC00DD10 000028 (v01 Xen    HVM      00000000 HVML 00000000)
[    0.000000] ACPI: SSDT 0x00000000FC00DD40 000031 (v02 Xen    HVM      00000000 INTL 20090123)
[    0.000000] ACPI: SSDT 0x00000000FC00DD80 000031 (v02 Xen    HVM      00000000 INTL 20090123)
[    0.000000] ACPI: Local APIC address 0xfee00000
[    0.000000] No NUMA configuration found
[    0.000000] Faking a node at [mem 0x0000000000000000-0x000000003fffffff]
[    0.000000] NODE_DATA(0) allocated [mem 0x3fffb000-0x3fffffff]
[    0.000000] Zone ranges:
[    0.000000]   DMA      [mem 0x0000000000001000-0x0000000000ffffff]
[    0.000000]   DMA32    [mem 0x0000000001000000-0x000000003fffffff]
[    0.000000]   Normal   empty
[    0.000000]   Device   empty
[    0.000000] Movable zone start for each node
[    0.000000] Early memory node ranges
[    0.000000]   node   0: [mem 0x0000000000001000-0x000000000009dfff]
[    0.000000]   node   0: [mem 0x0000000000100000-0x000000003fffffff]
[    0.000000] Initmem setup node 0 [mem 0x0000000000001000-0x000000003fffffff]
[    0.000000] On node 0 totalpages: 262045
[    0.000000]   DMA zone: 64 pages used for memmap
[    0.000000]   DMA zone: 21 pages reserved
[    0.000000]   DMA zone: 3997 pages, LIFO batch:0
[    0.000000]   DMA32 zone: 4032 pages used for memmap
[    0.000000]   DMA32 zone: 258048 pages, LIFO batch:31
[    0.000000] ACPI: PM-Timer IO Port: 0xb008
[    0.000000] ACPI: Local APIC address 0xfee00000
[    0.000000] IOAPIC[0]: apic_id 1, version 17, address 0xfec00000, GSI 0-47
[    0.000000] ACPI: INT_SRC_OVR (bus 0 bus_irq 0 global_irq 2 dfl dfl)
[    0.000000] ACPI: INT_SRC_OVR (bus 0 bus_irq 5 global_irq 5 low level)
[    0.000000] ACPI: INT_SRC_OVR (bus 0 bus_irq 10 global_irq 10 low level)
[    0.000000] ACPI: INT_SRC_OVR (bus 0 bus_irq 11 global_irq 11 low level)
[    0.000000] ACPI: IRQ0 used by override.
[    0.000000] ACPI: IRQ5 used by override.
[    0.000000] ACPI: IRQ9 used by override.
[    0.000000] ACPI: IRQ10 used by override.
[    0.000000] ACPI: IRQ11 used by override.
[    0.000000] Using ACPI (MADT) for SMP configuration information
[    0.000000] ACPI: HPET id: 0x8086a201 base: 0xfed00000
[    0.000000] smpboot: Allowing 15 CPUs, 14 hotplug CPUs
[    0.000000] PM: Registered nosave memory: [mem 0x00000000-0x00000fff]
[    0.000000] PM: Registered nosave memory: [mem 0x0009e000-0x0009ffff]
[    0.000000] PM: Registered nosave memory: [mem 0x000a0000-0x000dffff]
[    0.000000] PM: Registered nosave memory: [mem 0x000e0000-0x000fffff]
[    0.000000] e820: [mem 0x40000000-0xfbffffff] available for PCI devices
[    0.000000] Booting paravirtualized kernel on Xen HVM
[    0.000000] clocksource: refined-jiffies: mask: 0xffffffff max_cycles: 0xffffffff, max_idle_ns: 7645519600211568 ns
[    0.000000] setup_percpu: NR_CPUS:256 nr_cpumask_bits:256 nr_cpu_ids:15 nr_node_ids:1
[    0.000000] PERCPU: Embedded 34 pages/cpu @ffff88003e200000 s99160 r8192 d31912 u262144
[    0.000000] pcpu-alloc: s99160 r8192 d31912 u262144 alloc=1*2097152
[    0.000000] pcpu-alloc: [0] 00 01 02 03 04 05 06 07 [0] 08 09 10 11 12 13 14 -- 
[    0.000000] xen: PV spinlocks enabled
[    0.000000] PV qspinlock hash table entries: 256 (order: 0, 4096 bytes)
[    0.000000] Built 1 zonelists in Node order, mobility grouping on.  Total pages: 257928
[    0.000000] Policy zone: DMA32
[    0.000000] Kernel command line: BOOT_IMAGE=/boot/vmlinuz-4.4.0-1052-aws root=UUID=b6adc449-5e3d-4331-ba6b-6e99a75fa48e ro console=tty1 console=ttyS0 nvme.io_timeout=4294967295
[    0.000000] PID hash table entries: 4096 (order: 3, 32768 bytes)
[    0.000000] Calgary: detecting Calgary via BIOS EBDA area
[    0.000000] Calgary: Unable to locate Rio Grande table in EBDA - bailing!
[    0.000000] Memory: 998576K/1048180K available (8351K kernel code, 1276K rwdata, 3876K rodata, 1492K init, 1264K bss, 49604K reserved, 0K cma-reserved)
[    0.000000] SLUB: HWalign=64, Order=0-3, MinObjects=0, CPUs=15, Nodes=1
[    0.000000] Kernel/User page tables isolation: enabled
[    0.000000] Hierarchical RCU implementation.
[    0.000000] 	Build-time adjustment of leaf fanout to 64.
[    0.000000] 	RCU restricting CPUs from NR_CPUS=256 to nr_cpu_ids=15.
[    0.000000] RCU: Adjusting geometry for rcu_fanout_leaf=64, nr_cpu_ids=15
[    0.000000] NR_IRQS:16640 nr_irqs:952 16
[    0.000000] xen:events: Using 2-level ABI
[    0.000000] xen:events: Xen HVM callback vector for event delivery is enabled
[    0.000000] Console: colour VGA+ 80x25
[    0.000000] console [tty1] enabled
[    0.000000] Cannot get hvm parameter CONSOLE_EVTCHN (18): -22!
[    0.000000] console [ttyS0] enabled
[    0.000000] clocksource: hpet: mask: 0xffffffff max_cycles: 0xffffffff, max_idle_ns: 30580167144 ns
[    0.000000] hpet clockevent registered
[    0.000000] tsc: Detected 2400.098 MHz processor
[    0.008000] Calibrating delay loop (skipped), value calculated using timer frequency.. 4800.19 BogoMIPS (lpj=9600392)
[    0.012003] pid_max: default: 32768 minimum: 301
[    0.016016] ACPI: Core revision 20150930
[    0.025903] ACPI: 3 ACPI AML tables successfully acquired and loaded
[    0.032856] Security Framework initialized
[    0.036005] Yama: becoming mindful.
[    0.038917] AppArmor: AppArmor initialized
[    0.040092] Dentry cache hash table entries: 131072 (order: 8, 1048576 bytes)
[    0.044176] Inode-cache hash table entries: 65536 (order: 7, 524288 bytes)
[    0.052085] Mount-cache hash table entries: 2048 (order: 2, 16384 bytes)
[    0.056008] Mountpoint-cache hash table entries: 2048 (order: 2, 16384 bytes)
[    0.060187] Initializing cgroup subsys io
[    0.064007] Initializing cgroup subsys memory
[    0.068018] Initializing cgroup subsys devices
[    0.071164] Initializing cgroup subsys freezer
[    0.072012] Initializing cgroup subsys net_cls
[    0.076008] Initializing cgroup subsys perf_event
[    0.080008] Initializing cgroup subsys net_prio
[    0.084016] Initializing cgroup subsys hugetlb
[    0.088005] Initializing cgroup subsys pids
[    0.091241] CPU: Physical Processor ID: 0
[    0.092012] FEATURE SPEC_CTRL Not Present
[    0.096752] mce: CPU supports 2 MCE banks
[    0.100024] Last level iTLB entries: 4KB 1024, 2MB 1024, 4MB 1024
[    0.104005] Last level dTLB entries: 4KB 1024, 2MB 1024, 4MB 1024, 1GB 4
[    0.108006] Spectre V2 mitigation: Mitigation: Full generic retpoline
[    0.112004] Spectre V2 mitigation: Speculation control IBPB not-supported IBRS not-supported
[    0.139668] ftrace: allocating 31292 entries in 123 pages
[    0.180098] smpboot: APIC(0) Converting physical 0 to logical package 0
[    0.184004] smpboot: Max logical packages: 15
[    0.188605] x2apic: IRQ remapping doesn't support X2APIC mode
[    0.192004] Switched APIC routing to physical flat.
[    0.198135] ..TIMER: vector=0x30 apic1=0 pin1=2 apic2=0 pin2=0
[    0.204005] clocksource: xen: mask: 0xffffffffffffffff max_cycles: 0x1cd42e4dffb, max_idle_ns: 881590591483 ns
[    0.208010] Xen: using vcpuop timer interface
[    0.208017] installing Xen timer for CPU 0
[    0.212075] smpboot: CPU0: Intel(R) Xeon(R) CPU E5-2676 v3 @ 2.40GHz (family: 0x6, model: 0x3f, stepping: 0x2)
[    0.219577] cpu 0 spinlock event irq 53
[    0.220023] Performance Events: unsupported p6 CPU model 63 no PMU driver, software events only.
[    0.224808] x86: Booted up 1 node, 1 CPUs
[    0.227483] smpboot: Total of 1 processors activated (4800.19 BogoMIPS)
[    0.228014] NMI watchdog: disabled (cpu0): hardware events not enabled
[    0.232006] NMI watchdog: Shutting down hard lockup detector on all cpus
[    0.236387] devtmpfs: initialized
[    0.241742] evm: security.selinux
[    0.244010] evm: security.SMACK64
[    0.246398] evm: security.SMACK64EXEC
[    0.248005] evm: security.SMACK64TRANSMUTE
[    0.250777] evm: security.SMACK64MMAP
[    0.252006] evm: security.ima
[    0.254276] evm: security.capability
[    0.256178] clocksource: jiffies: mask: 0xffffffff max_cycles: 0xffffffff, max_idle_ns: 7645041785100000 ns
[    0.260030] futex hash table entries: 4096 (order: 6, 262144 bytes)
[    0.264097] RTC time: 18:11:53, date: 03/25/18
[    0.267258] NET: Registered protocol family 16
[    0.268205] cpuidle: using governor ladder
[    0.270975] cpuidle: using governor menu
[    0.272010] PCCT header not found.
[    0.274458] ACPI: bus type PCI registered
[    0.276008] acpiphp: ACPI Hot Plug PCI Controller Driver version: 0.5
[    0.280310] PCI: Using configuration type 1 for base access
[    0.284885] ACPI: Added _OSI(Module Device)
[    0.287699] ACPI: Added _OSI(Processor Device)
[    0.288006] ACPI: Added _OSI(3.0 _SCP Extensions)
[    0.291050] ACPI: Added _OSI(Processor Aggregator Device)
[    0.293068] xen: --> pirq=16 -> irq=9 (gsi=9)
[    0.295791] ACPI: Interpreter enabled
[    0.296017] ACPI: (supports S0 S4 S5)
[    0.298587] ACPI: Using IOAPIC for interrupt routing
[    0.300033] PCI: Using host bridge windows from ACPI; if necessary, use "pci=nocrs" and report a bug
[    0.346760] ACPI: PCI Root Bridge [PCI0] (domain 0000 [bus 00-ff])
[    0.348014] acpi PNP0A03:00: _OSC: OS supports [ASPM ClockPM Segments MSI]
[    0.352015] acpi PNP0A03:00: _OSC failed (AE_NOT_FOUND); disabling ASPM
[    0.356014] acpi PNP0A03:00: fail to add MMCONFIG information, can't access extended PCI configuration space under this bridge.
[    0.360957] acpiphp: Slot [0] registered
[    0.364293] acpiphp: Slot [3] registered
[    0.367208] acpiphp: Slot [4] registered
[    0.368327] acpiphp: Slot [5] registered
[    0.371196] acpiphp: Slot [6] registered
[    0.372270] acpiphp: Slot [7] registered
[    0.375361] acpiphp: Slot [8] registered
[    0.376312] acpiphp: Slot [9] registered
[    0.379237] acpiphp: Slot [10] registered
[    0.380297] acpiphp: Slot [11] registered
[    0.383348] acpiphp: Slot [12] registered
[    0.384264] acpiphp: Slot [13] registered
[    0.387649] acpiphp: Slot [14] registered
[    0.388291] acpiphp: Slot [15] registered
[    0.391424] acpiphp: Slot [16] registered
[    0.392292] acpiphp: Slot [17] registered
[    0.395347] acpiphp: Slot [18] registered
[    0.396270] acpiphp: Slot [19] registered
[    0.399272] acpiphp: Slot [20] registered
[    0.400316] acpiphp: Slot [21] registered
[    0.403249] acpiphp: Slot [22] registered
[    0.404274] acpiphp: Slot [23] registered
[    0.407235] acpiphp: Slot [24] registered
[    0.408292] acpiphp: Slot [25] registered
[    0.411611] acpiphp: Slot [26] registered
[    0.412303] acpiphp: Slot [27] registered
[    0.415361] acpiphp: Slot [28] registered
[    0.416347] acpiphp: Slot [29] registered
[    0.419338] acpiphp: Slot [30] registered
[    0.420283] acpiphp: Slot [31] registered
[    0.423206] PCI host bridge to bus 0000:00
[    0.424007] pci_bus 0000:00: root bus resource [io  0x0000-0x0cf7 window]
[    0.428008] pci_bus 0000:00: root bus resource [io  0x0d00-0xffff window]
[    0.432007] pci_bus 0000:00: root bus resource [mem 0x000a0000-0x000bffff window]
[    0.436008] pci_bus 0000:00: root bus resource [mem 0xf0000000-0xfbffffff window]
[    0.440008] pci_bus 0000:00: root bus resource [bus 00-ff]
[    0.443500] pci 0000:00:00.0: [8086:1237] type 00 class 0x060000
[    0.444930] pci 0000:00:01.0: [8086:7000] type 00 class 0x060100
[    0.447206] pci 0000:00:01.1: [8086:7010] type 00 class 0x010180
[    0.448257] pci 0000:00:01.1: reg 0x20: [io  0xc100-0xc10f]
[    0.448765] pci 0000:00:01.1: legacy IDE quirk: reg 0x10: [io  0x01f0-0x01f7]
[    0.452007] pci 0000:00:01.1: legacy IDE quirk: reg 0x14: [io  0x03f6]
[    0.456000] pci 0000:00:01.1: legacy IDE quirk: reg 0x18: [io  0x0170-0x0177]
[    0.460006] pci 0000:00:01.1: legacy IDE quirk: reg 0x1c: [io  0x0376]
[    0.464375] pci 0000:00:01.3: [8086:7113] type 00 class 0x068000
[    0.464464] * Found PM-Timer Bug on the chipset. Due to workarounds for a bug,
               * this clock source is slow. Consider trying other clock sources
[    0.469201] pci 0000:00:01.3: quirk: [io  0xb000-0xb03f] claimed by PIIX4 ACPI
[    0.472877] pci 0000:00:02.0: [1013:00b8] type 00 class 0x030000
[    0.473198] pci 0000:00:02.0: reg 0x10: [mem 0xf0000000-0xf1ffffff pref]
[    0.473407] pci 0000:00:02.0: reg 0x14: [mem 0xf3000000-0xf3000fff]
[    0.475065] pci 0000:00:03.0: [5853:0001] type 00 class 0xff8000
[    0.475459] pci 0000:00:03.0: reg 0x10: [io  0xc000-0xc0ff]
[    0.475680] pci 0000:00:03.0: reg 0x14: [mem 0xf2000000-0xf2ffffff pref]
[    0.478260] ACPI: PCI Interrupt Link [LNKA] (IRQs *5 10 11)
[    0.482940] ACPI: PCI Interrupt Link [LNKB] (IRQs 5 *10 11)
[    0.487523] ACPI: PCI Interrupt Link [LNKC] (IRQs 5 10 *11)
[    0.491014] ACPI: PCI Interrupt Link [LNKD] (IRQs *5 10 11)
[    0.511010] ACPI: Enabled 2 GPEs in block 00 to 0F
[    0.512077] xen:balloon: Initialising balloon driver
[    0.516139] vgaarb: setting as boot device: PCI:0000:00:02.0
[    0.519701] vgaarb: device added: PCI:0000:00:02.0,decodes=io+mem,owns=io+mem,locks=none
[    0.520006] vgaarb: loaded
[    0.522024] vgaarb: bridge control possible 0000:00:02.0
[    0.524230] SCSI subsystem initialized
[    0.526731] libata version 3.00 loaded.
[    0.526754] ACPI: bus type USB registered
[    0.528022] usbcore: registered new interface driver usbfs
[    0.531666] usbcore: registered new interface driver hub
[    0.532041] usbcore: registered new device driver usb
[    0.535551] PCI: Using ACPI for IRQ routing
[    0.536008] PCI: pci_cache_line_size set to 64 bytes
[    0.536418] e820: reserve RAM buffer [mem 0x0009e000-0x0009ffff]
[    0.536545] NetLabel: Initializing
[    0.539299] NetLabel:  domain hash size = 128
[    0.540005] NetLabel:  protocols = UNLABELED CIPSOv4
[    0.543209] NetLabel:  unlabeled traffic allowed by default
[    0.544110] HPET: 3 timers in total, 0 timers will be used for per-cpu timer
[    0.548017] hpet0: at MMIO 0xfed00000, IRQs 2, 8, 0
[    0.552005] hpet0: 3 comparators, 64-bit 62.500000 MHz counter
[    0.557043] amd_nb: Cannot enumerate AMD northbridges
[    0.560018] clocksource: Switched to clocksource xen
[    0.568668] AppArmor: AppArmor Filesystem Enabled
[    0.571803] pnp: PnP ACPI init
[    0.574024] system 00:00: [mem 0x00000000-0x0009ffff] could not be reserved
[    0.578178] system 00:00: Plug and Play ACPI device, IDs PNP0c02 (active)
[    0.578272] system 00:01: [io  0x08a0-0x08a3] has been reserved
[    0.582136] system 00:01: [io  0x0cc0-0x0ccf] has been reserved
[    0.585709] system 00:01: [io  0x04d0-0x04d1] has been reserved
[    0.591523] system 00:01: Plug and Play ACPI device, IDs PNP0c02 (active)
[    0.591557] xen: --> pirq=17 -> irq=8 (gsi=8)
[    0.591584] pnp 00:02: Plug and Play ACPI device, IDs PNP0b00 (active)
[    0.591608] xen: --> pirq=18 -> irq=12 (gsi=12)
[    0.591623] pnp 00:03: Plug and Play ACPI device, IDs PNP0f13 (active)
[    0.591640] xen: --> pirq=19 -> irq=1 (gsi=1)
[    0.591653] pnp 00:04: Plug and Play ACPI device, IDs PNP0303 PNP030b (active)
[    0.591669] xen: --> pirq=20 -> irq=6 (gsi=6)
[    0.591671] pnp 00:05: [dma 2]
[    0.591684] pnp 00:05: Plug and Play ACPI device, IDs PNP0700 (active)
[    0.591707] xen: --> pirq=21 -> irq=4 (gsi=4)
[    0.591720] pnp 00:06: Plug and Play ACPI device, IDs PNP0501 (active)
[    0.591759] system 00:07: [io  0x10c0-0x1141] has been reserved
[    0.595649] system 00:07: [io  0xb044-0xb047] has been reserved
[    0.599387] system 00:07: Plug and Play ACPI device, IDs PNP0c02 (active)
[    0.615679] pnp: PnP ACPI: found 8 devices
[    0.623847] clocksource: acpi_pm: mask: 0xffffff max_cycles: 0xffffff, max_idle_ns: 2085701024 ns
[    0.629656] pci_bus 0000:00: resource 4 [io  0x0000-0x0cf7 window]
[    0.629659] pci_bus 0000:00: resource 5 [io  0x0d00-0xffff window]
[    0.629661] pci_bus 0000:00: resource 6 [mem 0x000a0000-0x000bffff window]
[    0.629663] pci_bus 0000:00: resource 7 [mem 0xf0000000-0xfbffffff window]
[    0.629704] NET: Registered protocol family 2
[    0.632823] TCP established hash table entries: 8192 (order: 4, 65536 bytes)
[    0.637189] TCP bind hash table entries: 8192 (order: 5, 131072 bytes)
[    0.641246] TCP: Hash tables configured (established 8192 bind 8192)
[    0.645242] UDP hash table entries: 512 (order: 2, 16384 bytes)
[    0.648929] UDP-Lite hash table entries: 512 (order: 2, 16384 bytes)
[    0.653021] NET: Registered protocol family 1
[    0.656275] pci 0000:00:00.0: Limiting direct PCI/PCI transfers
[    0.660199] pci 0000:00:01.0: PIIX3: Enabling Passive Release
[    0.664696] pci 0000:00:01.0: Activating ISA DMA hang workarounds
[    0.668667] pci 0000:00:02.0: Video device with shadowed ROM
[    0.668733] PCI: CLS 0 bytes, default 64
[    0.668797] Trying to unpack rootfs image as initramfs...
[    0.851892] Freeing initrd memory: 12376K
[    0.854840] RAPL PMU detected, API unit is 2^-32 Joules, 3 fixed counters 655360 ms ovfl timer
[    0.860110] hw unit of domain pp0-core 2^-14 Joules
[    0.863174] hw unit of domain package 2^-14 Joules
[    0.866420] hw unit of domain dram 2^-16 Joules
[    0.869429] Scanning for low memory corruption every 60 seconds
[    0.873483] audit: initializing netlink subsys (disabled)
[    0.876978] audit: type=2000 audit(1522001514.320:1): initialized
[    0.881385] Initialise system trusted keyring
[    0.884347] HugeTLB registered 2 MB page size, pre-allocated 0 pages
[    0.889270] zbud: loaded
[    0.891555] VFS: Disk quotas dquot_6.6.0
[    0.894197] VFS: Dquot-cache hash table entries: 512 (order 0, 4096 bytes)
[    0.898528] squashfs: version 4.0 (2009/01/31) Phillip Lougher
[    0.902268] fuse init (API version 7.23)
[    0.905092] Key type big_key registered
[    0.907735] Allocating IMA MOK and blacklist keyrings.
[    0.911256] Key type asymmetric registered
[    0.913958] Asymmetric key parser 'x509' registered
[    0.917172] Block layer SCSI generic (bsg) driver version 0.4 loaded (major 249)
[    0.921845] io scheduler noop registered
[    0.924441] io scheduler deadline registered (default)
[    0.927795] io scheduler cfq registered
[    0.930464] pci_hotplug: PCI Hot Plug PCI Core version: 0.5
[    0.933864] pciehp: PCI Express Hot Plug Controller Driver version: 0.4
[    0.938208] intel_idle: does not run on family 6 model 63
[    0.938290] input: Power Button as /devices/LNXSYSTM:00/LNXPWRBN:00/input/input0
[    0.942957] ACPI: Power Button [PWRF]
[    0.945550] input: Sleep Button as /devices/LNXSYSTM:00/LNXSLPBN:00/input/input1
[    0.950176] ACPI: Sleep Button [SLPF]
[    0.953016] xen: --> pirq=22 -> irq=28 (gsi=28)
[    0.953096] xen:grant_table: Grant tables using version 1 layout
[    0.956758] Grant table initialized
[    0.959182] Cannot get hvm parameter CONSOLE_EVTCHN (18): -22!
[    0.962765] Serial: 8250/16550 driver, 4 ports, IRQ sharing enabled
[    0.993454] 00:06: ttyS0 at I/O 0x3f8 (irq = 4, base_baud = 115200) is a 16550A
[    0.998779] Linux agpgart interface v0.103
[    1.003393] brd: module loaded
[    1.006561] loop: module loaded
[    1.008910] Invalid max_queues (4), will use default max: 1.
[    1.013643] ata_piix 0000:00:01.1: version 2.13
[    1.015142] scsi host0: ata_piix
[    1.017887] scsi host1: ata_piix
[    1.020432] ata1: PATA max MWDMA2 cmd 0x1f0 ctl 0x3f6 bmdma 0xc100 irq 14
[    1.024666] ata2: PATA max MWDMA2 cmd 0x170 ctl 0x376 bmdma 0xc108 irq 15
[    1.030567] libphy: Fixed MDIO Bus: probed
[    1.033347] tun: Universal TUN/TAP device driver, 1.6
[    1.037603] tun: (C) 1999-2004 Max Krasnyansky <maxk@qualcomm.com>
[    1.041398] PPP generic driver version 2.4.2
[    1.044877] xen_netfront: Initialising Xen virtual ethernet driver
[    1.051172] ehci_hcd: USB 2.0 'Enhanced' Host Controller (EHCI) Driver
[    1.057057] ehci-pci: EHCI PCI platform driver
[    1.061494] ehci-platform: EHCI generic platform driver
[    1.064987] ohci_hcd: USB 1.1 'Open' Host Controller (OHCI) Driver
[    1.069004] ohci-pci: OHCI PCI platform driver
[    1.072066] ohci-platform: OHCI generic platform driver
[    1.076124] uhci_hcd: USB Universal Host Controller Interface driver
[    1.080567] i8042: PNP: PS/2 Controller [PNP0303:PS2K,PNP0f13:PS2M] at 0x60,0x64 irq 1,12
[    1.087879] serio: i8042 KBD port at 0x60,0x64 irq 1
[    1.091223] serio: i8042 AUX port at 0x60,0x64 irq 12
[    1.094796] mousedev: PS/2 mouse device common for all mice
[    1.099200] input: AT Translated Set 2 keyboard as /devices/platform/i8042/serio0/input/input2
[    1.119531] rtc_cmos 00:02: rtc core: registered rtc_cmos as rtc0
[    1.124156] rtc_cmos 00:02: alarms up to one day, 114 bytes nvram, hpet irqs
[    1.129519] i2c /dev entries driver
[    1.132593] device-mapper: uevent: version 1.0.3
[    1.136501] device-mapper: ioctl: 4.34.0-ioctl (2015-10-28) initialised: dm-devel@redhat.com
[    1.143839] NET: Registered protocol family 10
[    1.147805] NET: Registered protocol family 17
[    1.151499] Key type dns_resolver registered
[    1.155120] microcode: CPU0 sig=0x306f2, pf=0x1, revision=0x3b
[    1.159527] microcode: Microcode Update Driver: v2.01 <tigran@aivazian.fsnet.co.uk>, Peter Oruba
[    1.166075] registered taskstats version 1
[    1.169181] Loading compiled-in X.509 certificates
[    1.173532] Loaded X.509 cert 'Build time autogenerated kernel key: eec6339c199f7c061573bf7e1d5d111f4e89c8c0'
[    1.180331] zswap: loaded using pool lzo/zbud
[    1.183974] blkfront: xvda: barrier or flush: disabled; persistent grants: disabled; indirect descriptors: enabled;
[    1.193220] Key type trusted registered
[    1.198328]  xvda: xvda1
[    1.201513] Key type encrypted registered
[    1.204798] AppArmor: AppArmor sha1 policy hashing enabled
[    1.208863] ima: No TPM chip found, activating TPM-bypass!
[    1.212633] evm: HMAC attrs: 0x1
[    1.215414]   Magic number: 10:386:191
[    1.218361] acpi device:1d: hash matches
[    1.221653] rtc_cmos 00:02: setting system clock to 2018-03-25 18:11:54 UTC (1522001514)
[    1.227157] BIOS EDD facility v0.16 2004-Jun-25, 0 devices found
[    1.231148] EDD information not available.
[    1.234356] PM: Hibernation image not present or could not be loaded.
[    1.236165] Freeing unused kernel memory: 1492K
[    1.239419] Write protecting the kernel read-only data: 14336k
[    1.244288] Freeing unused kernel memory: 1876K
[    1.248080] Freeing unused kernel memory: 220K
[    1.263296] random: udevadm: uninitialized urandom read (16 bytes read, 9 bits of entropy available)
[    1.269556] random: systemd-udevd: uninitialized urandom read (16 bytes read, 9 bits of entropy available)
[    1.275486] random: systemd-udevd: uninitialized urandom read (16 bytes read, 9 bits of entropy available)
[    1.281307] random: udevadm: uninitialized urandom read (16 bytes read, 9 bits of entropy available)
[    1.287233] random: systemd-udevd: uninitialized urandom read (16 bytes read, 9 bits of entropy available)
[    1.298927] random: systemd-udevd: uninitialized urandom read (16 bytes read, 9 bits of entropy available)
[    1.306009] random: udevadm: uninitialized urandom read (16 bytes read, 9 bits of entropy available)
[    1.312504] random: systemd-udevd: uninitialized urandom read (16 bytes read, 9 bits of entropy available)
[    1.318404] random: udevadm: uninitialized urandom read (16 bytes read, 9 bits of entropy available)
[    1.324002] random: systemd-udevd: uninitialized urandom read (16 bytes read, 9 bits of entropy available)
[    1.452455] AVX2 version of gcm_enc/dec engaged.
[    1.455599] AES CTR mode by8 optimization enabled
[    1.868112] tsc: Refined TSC clocksource calibration: 2400.002 MHz
[    1.872002] clocksource: tsc: mask: 0xffffffffffffffff max_cycles: 0x22983938a92, max_idle_ns: 440795216168 ns
[    2.939167] md: linear personality registered for level -1
[    2.945526] md: multipath personality registered for level -4
[    2.952302] md: raid0 personality registered for level 0
[    2.959011] md: raid1 personality registered for level 1
[    3.012061] raid6: sse2x1   gen()  8268 MB/s
[    3.060059] raid6: sse2x1   xor()  6378 MB/s
[    3.108063] raid6: sse2x2   gen() 10505 MB/s
[    3.156061] raid6: sse2x2   xor()  7124 MB/s
[    3.204064] raid6: sse2x4   gen() 12100 MB/s
[    3.252061] raid6: sse2x4   xor()  8584 MB/s
[    3.300061] raid6: avx2x1   gen() 16257 MB/s
[    3.348059] raid6: avx2x2   gen() 18832 MB/s
[    3.396058] raid6: avx2x4   gen() 21925 MB/s
[    3.398865] raid6: using algorithm avx2x4 gen() 21925 MB/s
[    3.402225] raid6: using avx2x2 recovery algorithm
[    3.407453] xor: automatically using best checksumming function:
[    3.448063]    avx       : 24387.000 MB/sec
[    3.452982] async_tx: api initialized (async)
[    3.468237] md: raid6 personality registered for level 6
[    3.471633] md: raid5 personality registered for level 5
[    3.474831] md: raid4 personality registered for level 4
[    3.483842] md: raid10 personality registered for level 10
[    3.524216] Btrfs loaded
[    3.566231] EXT4-fs (xvda1): INFO: recovery required on readonly filesystem
[    3.570592] EXT4-fs (xvda1): write access will be enabled during recovery
[    3.636690] EXT4-fs (xvda1): orphan cleanup on readonly fs
[    3.644136] EXT4-fs (xvda1): 12 orphan inodes deleted
[    3.647370] EXT4-fs (xvda1): recovery complete
[    3.654268] EXT4-fs (xvda1): mounted filesystem with ordered data mode. Opts: (null)
[    3.793601] systemd[1]: systemd 229 running in system mode. (+PAM +AUDIT +SELINUX +IMA +APPARMOR +SMACK +SYSVINIT +UTMP +LIBCRYPTSETUP +GCRYPT +GNUTLS +ACL +XZ -LZ4 +SECCOMP +BLKID +ELFUTILS +KMOD -IDN)
[    3.804164] systemd[1]: Detected virtualization xen.
[    3.807314] systemd[1]: Detected architecture x86-64.
[    3.816142] systemd[1]: Set hostname to <ip-172-31-1-166>.
[    4.011279] systemd[1]: Started Forward Password Requests to Wall Directory Watch.
[    4.021744] systemd[1]: Listening on udev Control Socket.
[    4.029605] systemd[1]: Listening on /dev/initctl Compatibility Named Pipe.
[    4.039297] systemd[1]: Created slice System Slice.
[    4.046441] systemd[1]: Created slice User and Session Slice.
[    4.053997] systemd[1]: Started Trigger resolvconf update for networkd DNS.
[    4.062555] systemd[1]: Created slice system-serial\x2dgetty.slice.
[    4.070545] systemd[1]: Created slice system-postgresql.slice.
[    4.077947] systemd[1]: Listening on Syslog Socket.
[    4.084538] systemd[1]: Listening on Journal Audit Socket.
[    4.091639] systemd[1]: Listening on udev Kernel Socket.
[    4.098640] systemd[1]: Listening on Device-mapper event daemon FIFOs.
[    4.106578] systemd[1]: Listening on Journal Socket (/dev/log).
[    4.113963] systemd[1]: Reached target Slices.
[    4.120414] systemd[1]: Listening on Journal Socket.
[    4.127941] systemd[1]: Mounting POSIX Message Queue File System...
[    4.137563] systemd[1]: Starting Nameserver information manager...
[    4.148689] systemd[1]: Starting Journal Service...
[    4.158077] systemd[1]: Starting Create list of required static device nodes for the current kernel...
[    4.170747] systemd[1]: Starting Set console keymap...
[    4.184535] systemd[1]: Starting Uncomplicated firewall...
[    4.199144] systemd[1]: Mounting Huge Pages File System...
[    4.217329] systemd[1]: Starting Remount Root and Kernel File Systems...
[    4.234960] systemd[1]: Starting Load Kernel Modules...
[    4.239913] EXT4-fs (xvda1): re-mounted. Opts: discard
[    4.247544] systemd[1]: Listening on LVM2 poll daemon socket.
[    4.262218] Loading iSCSI transport class v2.0-870.
[    4.266872] systemd[1]: Mounting Debug File System...
[    4.280128] systemd[1]: Reached target Encrypted Volumes.
[    4.292670] iscsi: registered transport (tcp)
[    4.295693] systemd[1]: Reached target User and Group Name Lookups.
[    4.305140] systemd[1]: Listening on LVM2 metadata daemon socket.
[    4.319704] systemd[1]: Starting Monitoring of LVM2 mirrors, snapshots etc. using dmeventd or progress polling...
[    4.335365] systemd[1]: Reached target Swap.
[    4.346360] systemd[1]: Set up automount Arbitrary Executable File Formats File System Automount Point.
[    4.354050] iscsi: registered transport (iser)
[    4.367302] systemd[1]: Mounted Huge Pages File System.
[    4.376630] systemd[1]: Mounted Debug File System.
[    4.383947] systemd[1]: Mounted POSIX Message Queue File System.
[    4.392517] systemd[1]: Started Journal Service.
[    4.657866] systemd-journald[369]: Received request to flush runtime journal from PID 1
[    5.369369] audit: type=1400 audit(1522001518.644:2): apparmor="STATUS" operation="profile_load" profile="unconfined" name="lxc-container-default" pid=607 comm="apparmor_parser"
[    5.369374] audit: type=1400 audit(1522001518.644:3): apparmor="STATUS" operation="profile_load" profile="unconfined" name="lxc-container-default-cgns" pid=607 comm="apparmor_parser"
[    5.369378] audit: type=1400 audit(1522001518.644:4): apparmor="STATUS" operation="profile_load" profile="unconfined" name="lxc-container-default-with-mounting" pid=607 comm="apparmor_parser"
[    5.369381] audit: type=1400 audit(1522001518.644:5): apparmor="STATUS" operation="profile_load" profile="unconfined" name="lxc-container-default-with-nesting" pid=607 comm="apparmor_parser"
[    5.380459] audit: type=1400 audit(1522001518.656:6): apparmor="STATUS" operation="profile_load" profile="unconfined" name="/sbin/dhclient" pid=608 comm="apparmor_parser"
[    5.380464] audit: type=1400 audit(1522001518.656:7): apparmor="STATUS" operation="profile_load" profile="unconfined" name="/usr/lib/NetworkManager/nm-dhcp-client.action" pid=608 comm="apparmor_parser"
[    5.380468] audit: type=1400 audit(1522001518.656:8): apparmor="STATUS" operation="profile_load" profile="unconfined" name="/usr/lib/NetworkManager/nm-dhcp-helper" pid=608 comm="apparmor_parser"
[    5.380471] audit: type=1400 audit(1522001518.656:9): apparmor="STATUS" operation="profile_load" profile="unconfined" name="/usr/lib/connman/scripts/dhclient-script" pid=608 comm="apparmor_parser"
[    5.382400] audit: type=1400 audit(1522001518.656:10): apparmor="STATUS" operation="profile_load" profile="unconfined" name="/usr/bin/lxc-start" pid=611 comm="apparmor_parser"
[    5.596556] random: nonblocking pool is initialized
[    6.232846] ppdev: user-space parallel port driver
[   12.499878] cgroup: new mount options do not match the existing superblock, will be ignored
[115017.555458] TCP: request_sock_TCP: Possible SYN flooding on port 8000. Sending cookies.  Check SNMP counters.
[115109.472857] TCP: request_sock_TCP: Possible SYN flooding on port 8000. Sending cookies.  Check SNMP counters.
[115247.558456] TCP: request_sock_TCP: Possible SYN flooding on port 8000. Sending cookies.  Check SNMP counters.
[115375.702291] TCP: request_sock_TCP: Possible SYN flooding on port 8000. Sending cookies.  Check SNMP counters.
[115461.985185] TCP: request_sock_TCP: Possible SYN flooding on port 8000. Sending cookies.  Check SNMP counters.
[115663.774078] TCP: request_sock_TCP: Possible SYN flooding on port 8000. Sending cookies.  Check SNMP counters.
[117247.986967] TCP: request_sock_TCP: Possible SYN flooding on port 8000. Sending cookies.  Check SNMP counters.
[117675.949543] TCP: request_sock_TCP: Possible SYN flooding on port 8000. Sending cookies.  Check SNMP counters.
[118384.993573] TCP: request_sock_TCP: Possible SYN flooding on port 8000. Sending cookies.  Check SNMP counters.
[119037.159219] TCP: request_sock_TCP: Possible SYN flooding on port 8000. Sending cookies.  Check SNMP counters.
[120814.803694] TCP: request_sock_TCP: Possible SYN flooding on port 8000. Sending cookies.  Check SNMP counters.
[122116.969053] TCP: request_sock_TCP: Possible SYN flooding on port 8000. Sending cookies.  Check SNMP counters.
[122213.151075] TCP: request_sock_TCP: Possible SYN flooding on port 8000. Sending cookies.  Check SNMP counters.
[122387.113366] TCP: request_sock_TCP: Possible SYN flooding on port 8000. Sending cookies.  Check SNMP counters.
[122426.961770] TCP: request_sock_TCP: Possible SYN flooding on port 8000. Sending cookies.  Check SNMP counters.
[122786.398849] TCP: request_sock_TCP: Possible SYN flooding on port 8000. Sending cookies.  Check SNMP counters.
[122926.022335] TCP: request_sock_TCP: Possible SYN flooding on port 8000. Sending cookies.  Check SNMP counters.
[123523.440235] TCP: request_sock_TCP: Possible SYN flooding on port 8000. Sending cookies.  Check SNMP counters.
[123590.649671] TCP: request_sock_TCP: Possible SYN flooding on port 8000. Sending cookies.  Check SNMP counters.
[123748.529049] TCP: request_sock_TCP: Possible SYN flooding on port 8000. Sending cookies.  Check SNMP counters.
[124134.601949] TCP: request_sock_TCP: Possible SYN flooding on port 8000. Sending cookies.  Check SNMP counters.
[124318.155027] TCP: request_sock_TCP: Possible SYN flooding on port 8000. Sending cookies.  Check SNMP counters.
[124525.942739] TCP: request_sock_TCP: Possible SYN flooding on port 8000. Sending cookies.  Check SNMP counters.
[124571.199627] TCP: request_sock_TCP: Possible SYN flooding on port 8000. Sending cookies.  Check SNMP counters.
[124791.501925] TCP: request_sock_TCP: Possible SYN flooding on port 8000. Sending cookies.  Check SNMP counters.
[124852.304680] TCP: request_sock_TCP: Possible SYN flooding on port 8000. Sending cookies.  Check SNMP counters.
[125266.689189] TCP: request_sock_TCP: Possible SYN flooding on port 8000. Sending cookies.  Check SNMP counters.
[126821.856899] TCP: request_sock_TCP: Possible SYN flooding on port 8000. Sending cookies.  Check SNMP counters.
[126964.878021] TCP: request_sock_TCP: Possible SYN flooding on port 8000. Sending cookies.  Check SNMP counters.
[127352.643673] TCP: request_sock_TCP: Possible SYN flooding on port 8000. Sending cookies.  Check SNMP counters.
[127845.153897] TCP: request_sock_TCP: Possible SYN flooding on port 8000. Sending cookies.  Check SNMP counters.
[127890.993394] TCP: request_sock_TCP: Possible SYN flooding on port 8000. Sending cookies.  Check SNMP counters.
[128253.539785] TCP: request_sock_TCP: Possible SYN flooding on port 8000. Sending cookies.  Check SNMP counters.
[128562.517248] TCP: request_sock_TCP: Possible SYN flooding on port 8000. Sending cookies.  Check SNMP counters.
[128734.673865] TCP: request_sock_TCP: Possible SYN flooding on port 8000. Sending cookies.  Check SNMP counters.
[129317.019216] TCP: request_sock_TCP: Possible SYN flooding on port 8000. Sending cookies.  Check SNMP counters.
[129914.891938] TCP: request_sock_TCP: Possible SYN flooding on port 8000. Sending cookies.  Check SNMP counters.
[129926.579914] python3 invoked oom-killer: gfp_mask=0x24201ca, order=0, oom_score_adj=0
[129926.579917] python3 cpuset=/ mems_allowed=0
[129926.579923] CPU: 0 PID: 31669 Comm: python3 Not tainted 4.4.0-1052-aws #61-Ubuntu
[129926.579924] Hardware name: Xen HVM domU, BIOS 4.2.amazon 08/24/2006
[129926.579926]  0000000000000286 e7b73d2287d6109c ffff8800031239f8 ffffffff813fce53
[129926.579929]  ffff880003123bb0 ffff880036fb5280 ffff880003123a68 ffffffff8120d1ba
[129926.579931]  ffffffff81cc4e89 0000000000000000 ffffffff81e6a160 0000000000000206
[129926.579933] Call Trace:
[129926.579939]  [<ffffffff813fce53>] dump_stack+0x63/0x90
[129926.579943]  [<ffffffff8120d1ba>] dump_header+0x5a/0x1c5
[129926.579946]  [<ffffffff81193eb2>] oom_kill_process+0x202/0x3c0
[129926.579948]  [<ffffffff811942d9>] out_of_memory+0x219/0x460
[129926.579951]  [<ffffffff8119a305>] __alloc_pages_slowpath.constprop.88+0x965/0xb00
[129926.579954]  [<ffffffff8119a728>] __alloc_pages_nodemask+0x288/0x2a0
[129926.579958]  [<ffffffff811e428c>] alloc_pages_current+0x8c/0x110
[129926.579961]  [<ffffffff811903cb>] __page_cache_alloc+0xab/0xc0
[129926.579963]  [<ffffffff81192950>] filemap_fault+0x150/0x400
[129926.579967]  [<ffffffff812a5266>] ext4_filemap_fault+0x36/0x50
[129926.579971]  [<ffffffff811bf7d6>] __do_fault+0x56/0xf0
[129926.579973]  [<ffffffff811c3332>] handle_mm_fault+0xfa2/0x1820
[129926.579977]  [<ffffffff812284d7>] ? dput+0xa7/0x230
[129926.579980]  [<ffffffff81212cc3>] ? __fput+0x193/0x230
[129926.579983]  [<ffffffff8106c737>] __do_page_fault+0x197/0x400
[129926.579985]  [<ffffffff8106c9c2>] do_page_fault+0x22/0x30
[129926.579989]  [<ffffffff81825098>] page_fault+0x28/0x30
[129926.579991] Mem-Info:
[129926.579995] active_anon:221630 inactive_anon:4298 isolated_anon:4
                 active_file:39 inactive_file:44 isolated_file:0
                 unevictable:913 dirty:8 writeback:0 unstable:0
                 slab_reclaimable:3519 slab_unreclaimable:4512
                 mapped:3931 shmem:5510 pagetables:2475 bounce:0
                 free:12217 free_pcp:62 free_cma:0
[129926.579998] Node 0 DMA free:4548kB min:716kB low:892kB high:1072kB active_anon:9988kB inactive_anon:248kB active_file:32kB inactive_file:40kB unevictable:120kB isolated(anon):0kB isolated(file):0kB present:15988kB managed:15904kB mlocked:120kB dirty:0kB writeback:0kB mapped:264kB shmem:252kB slab_reclaimable:56kB slab_unreclaimable:372kB kernel_stack:32kB pagetables:240kB unstable:0kB bounce:0kB free_pcp:0kB local_pcp:0kB free_cma:0kB writeback_tmp:0kB pages_scanned:452 all_unreclaimable? yes
[129926.580004] lowmem_reserve[]: 0 959 959 959 959
[129926.580007] Node 0 DMA32 free:44320kB min:44336kB low:55420kB high:66504kB active_anon:876532kB inactive_anon:16944kB active_file:124kB inactive_file:136kB unevictable:3532kB isolated(anon):16kB isolated(file):0kB present:1032192kB managed:998636kB mlocked:3532kB dirty:32kB writeback:0kB mapped:15460kB shmem:21788kB slab_reclaimable:14020kB slab_unreclaimable:17676kB kernel_stack:2768kB pagetables:9660kB unstable:0kB bounce:0kB free_pcp:248kB local_pcp:248kB free_cma:0kB writeback_tmp:0kB pages_scanned:1656 all_unreclaimable? yes
[129926.580012] lowmem_reserve[]: 0 0 0 0 0
[129926.580014] Node 0 DMA: 7*4kB (ME) 5*8kB (UE) 6*16kB (UE) 5*32kB (UME) 2*64kB (UM) 4*128kB (UME) 0*256kB 3*512kB (UME) 2*1024kB (ME) 0*2048kB 0*4096kB = 4548kB
[129926.580040] Node 0 DMA32: 212*4kB (UE) 134*8kB (UE) 216*16kB (UME) 177*32kB (UE) 126*64kB (UME) 73*128kB (UE) 42*256kB (UME) 10*512kB (E) 0*1024kB 0*2048kB 0*4096kB = 44320kB
[129926.580050] Node 0 hugepages_total=0 hugepages_free=0 hugepages_surp=0 hugepages_size=2048kB
[129926.580051] 6206 total pagecache pages
[129926.580052] 0 pages in swap cache
[129926.580054] Swap cache stats: add 0, delete 0, find 0/0
[129926.580054] Free swap  = 0kB
[129926.580055] Total swap = 0kB
[129926.580056] 262045 pages RAM
[129926.580057] 0 pages HighMem/MovableOnly
[129926.580058] 8410 pages reserved
[129926.580059] 0 pages cma reserved
[129926.580060] 0 pages hwpoisoned
[129926.580061] [ pid ]   uid  tgid total_vm      rss nr_ptes nr_pmds swapents oom_score_adj name
[129926.580065] [  369]     0   369     7088      454      16       3        0             0 systemd-journal
[129926.580068] [  434]     0   434    23693      190      17       3        0             0 lvmetad
[129926.580070] [  467]     0   467    10729      537      22       3        0         -1000 systemd-udevd
[129926.580072] [  528]   100   528    25081      369      19       3        0             0 systemd-timesyn
[129926.580074] [ 1000]     0  1000     4030      517      11       3        0             0 dhclient
[129926.580076] [ 1119]     0  1119     1305       29       8       3        0             0 iscsid
[129926.580078] [ 1120]     0  1120     1430      878       9       3        0           -17 iscsid
[129926.580080] [ 1122]     0  1122   158986     1440      31       4        0             0 lxcfs
[129926.580082] [ 1136]     0  1136     6932      490      18       3        0             0 cron
[129926.580084] [ 1139]     0  1139    68649      197      38       3        0             0 accounts-daemon
[129926.580086] [ 1149]     0  1149    16377      594      36       4        0         -1000 sshd
[129926.580089] [ 1157]   104  1157    65157      553      29       3        0             0 rsyslogd
[129926.580091] [ 1163]   107  1163    10725      449      27       3        0          -900 dbus-daemon
[129926.580092] [ 1172]     0  1172     6511      409      19       3        0             0 atd
[129926.580094] [ 1174]     0  1174     7154      496      18       3        0             0 systemd-logind
[129926.580096] [ 1181]     0  1181     1099      297       8       3        0             0 acpid
[129926.580098] [ 1187]     0  1187    70365     2568      34       5        0          -900 snapd
[129926.580100] [ 1201]     0  1201     3343       35      11       3        0             0 mdadm
[129926.580102] [ 1206]     0  1206    31278      346      45       3        0             0 nginx
[129926.580104] [ 1208]    33  1208    31431      696      45       3        0             0 nginx
[129926.580106] [ 1210]     0  1210    69294      179      38       3        0             0 polkitd
[129926.580108] [ 1270]   112  1270    73356     3568      69       3        0          -900 postgres
[129926.580110] [ 1292]     0  1292     3618      401      12       3        0             0 agetty
[129926.580112] [ 1295]     0  1295     3664      335      12       3        0             0 agetty
[129926.580114] [ 1299]   112  1299    73389     1420      66       3        0             0 postgres
[129926.580116] [ 1300]   112  1300    73356      816      60       3        0             0 postgres
[129926.580118] [ 1301]   112  1301    73356     1757      61       3        0             0 postgres
[129926.580120] [ 1302]   112  1302    73452      939      64       3        0             0 postgres
[129926.580122] [ 1303]   112  1303    37142      443      57       3        0             0 postgres
[129926.580124] [24245]  1000 24245    11286      526      26       3        0             0 systemd
[129926.580126] [24248]  1000 24248    15288      465      33       4        0             0 (sd-pam)
[129926.580128] [28094]     0 28094    23199      651      50       3        0             0 sshd
[129926.580130] [28125]  1000 28125    23199      392      48       3        0             0 sshd
[129926.580132] [28126]  1000 28126     5348      913      14       3        0             0 bash
[129926.580134] [28363]     0 28363    23199      582      49       3        0             0 sshd
[129926.580136] [28416]  1000 28416    23199      472      47       3        0             0 sshd
[129926.580138] [28417]  1000 28417     3220      430      12       4        0             0 sftp-server
[129926.580140] [29139]  1000 29139     6513      473      16       3        0             0 screen
[129926.580141] [29140]  1000 29140     5304      847      13       3        0             0 bash
[129926.580143] [30072]  1000 30072     6513      454      17       3        0             0 screen
[129926.580145] [30073]  1000 30073     5304      831      14       3        0             0 bash
[129926.580147] [30437]  1000 30437     6578      575      17       3        0             0 screen
[129926.580149] [30449]  1000 30449     5335      897      15       3        0             0 bash
[129926.580151] [30837]     0 30837    23199      674      50       3        0             0 sshd
[129926.580153] [30868]  1000 30868    23199      562      49       3        0             0 sshd
[129926.580155] [30869]  1000 30869     5347      880      15       3        0             0 bash
[129926.580157] [30899]     0 30899    23199      672      49       3        0             0 sshd
[129926.580159] [30930]  1000 30930    23199      324      48       3        0             0 sshd
[129926.580160] [30931]  1000 30931     5348      903      15       3        0             0 bash
[129926.580162] [30956]  1000 30956     6443      431      17       3        0             0 screen
[129926.580164] [31337]  1000 31337    41601     7666      84       3        0             0 uwsgi
[129926.580166] [31349]  1000 31349    45883    11350      91       3        0             0 uwsgi
[129926.580168] [31350]  1000 31350    41601     7189      79       3        0             0 uwsgi
[129926.580170] [31351]  1000 31351    43464     9402      87       3        0             0 uwsgi
[129926.580172] [31352]  1000 31352    45015    10482      90       3        0             0 uwsgi
[129926.580174] [31663]  1000 31663   345206   177125     510       5        0             0 python3
[129926.580176] Out of memory: Kill process 31663 (python3) score 700 or sacrifice child
[129926.584913] Killed process 31663 (python3) total-vm:1380824kB, anon-rss:708308kB, file-rss:192kB
[130023.817534] TCP: request_sock_TCP: Possible SYN flooding on port 8000. Sending cookies.  Check SNMP counters.
[130050.201121] python3 invoked oom-killer: gfp_mask=0x24280ca, order=0, oom_score_adj=0
[130050.201124] python3 cpuset=/ mems_allowed=0
[130050.201129] CPU: 0 PID: 31738 Comm: python3 Not tainted 4.4.0-1052-aws #61-Ubuntu
[130050.201131] Hardware name: Xen HVM domU, BIOS 4.2.amazon 08/24/2006
[130050.201132]  0000000000000286 c179be303a96ce19 ffff88003641faf8 ffffffff813fce53
[130050.201135]  ffff88003641fcb0 ffff88003ab4a940 ffff88003641fb68 ffffffff8120d1ba
[130050.201137]  ffffffff81cc4e89 0000000000000000 ffffffff81e6a160 0000000000000206
[130050.201139] Call Trace:
[130050.201145]  [<ffffffff813fce53>] dump_stack+0x63/0x90
[130050.201149]  [<ffffffff8120d1ba>] dump_header+0x5a/0x1c5
[130050.201152]  [<ffffffff81193eb2>] oom_kill_process+0x202/0x3c0
[130050.201154]  [<ffffffff811942d9>] out_of_memory+0x219/0x460
[130050.201158]  [<ffffffff8119a305>] __alloc_pages_slowpath.constprop.88+0x965/0xb00
[130050.201160]  [<ffffffff8119a728>] __alloc_pages_nodemask+0x288/0x2a0
[130050.201164]  [<ffffffff811e5aad>] alloc_pages_vma+0xad/0x250
[130050.201168]  [<ffffffff811c349e>] handle_mm_fault+0x110e/0x1820
[130050.201172]  [<ffffffff810cd281>] ? __raw_callee_save___pv_queued_spin_unlock+0x11/0x20
[130050.201175]  [<ffffffff810abea6>] ? finish_task_switch+0x76/0x230
[130050.201178]  [<ffffffff8181e036>] ? __schedule+0x316/0x7d0
[130050.201181]  [<ffffffff8106c737>] __do_page_fault+0x197/0x400
[130050.201183]  [<ffffffff8106c9c2>] do_page_fault+0x22/0x30
[130050.201187]  [<ffffffff81825098>] page_fault+0x28/0x30
[130050.201188] Mem-Info:
[130050.201192] active_anon:221483 inactive_anon:4300 isolated_anon:0
                 active_file:6 inactive_file:24 isolated_file:0
                 unevictable:913 dirty:0 writeback:0 unstable:0
                 slab_reclaimable:3533 slab_unreclaimable:4532
                 mapped:3888 shmem:5518 pagetables:2588 bounce:0
                 free:12219 free_pcp:108 free_cma:0
[130050.201196] Node 0 DMA free:4544kB min:716kB low:892kB high:1072kB active_anon:9996kB inactive_anon:248kB active_file:0kB inactive_file:0kB unevictable:120kB isolated(anon):0kB isolated(file):0kB present:15988kB managed:15904kB mlocked:120kB dirty:0kB writeback:0kB mapped:264kB shmem:252kB slab_reclaimable:84kB slab_unreclaimable:372kB kernel_stack:48kB pagetables:240kB unstable:0kB bounce:0kB free_pcp:0kB local_pcp:0kB free_cma:0kB writeback_tmp:0kB pages_scanned:0 all_unreclaimable? yes
[130050.201201] lowmem_reserve[]: 0 959 959 959 959
[130050.201204] Node 0 DMA32 free:44332kB min:44336kB low:55420kB high:66504kB active_anon:875936kB inactive_anon:16952kB active_file:24kB inactive_file:96kB unevictable:3532kB isolated(anon):0kB isolated(file):0kB present:1032192kB managed:998636kB mlocked:3532kB dirty:0kB writeback:0kB mapped:15288kB shmem:21820kB slab_reclaimable:14048kB slab_unreclaimable:17756kB kernel_stack:2832kB pagetables:10112kB unstable:0kB bounce:0kB free_pcp:432kB local_pcp:432kB free_cma:0kB writeback_tmp:0kB pages_scanned:349852 all_unreclaimable? yes
[130050.201209] lowmem_reserve[]: 0 0 0 0 0
[130050.201211] Node 0 DMA: 6*4kB (UE) 5*8kB (E) 6*16kB (UE) 1*32kB (E) 0*64kB 6*128kB (UME) 0*256kB 3*512kB (UME) 2*1024kB (ME) 0*2048kB 0*4096kB = 4544kB
[130050.201220] Node 0 DMA32: 171*4kB (UE) 126*8kB (E) 185*16kB (UE) 164*32kB (E) 122*64kB (UME) 78*128kB (UME) 43*256kB (UME) 11*512kB (ME) 0*1024kB 0*2048kB 0*4096kB = 44332kB
[130050.201229] Node 0 hugepages_total=0 hugepages_free=0 hugepages_surp=0 hugepages_size=2048kB
[130050.201231] 6155 total pagecache pages
[130050.201232] 0 pages in swap cache
[130050.201233] Swap cache stats: add 0, delete 0, find 0/0
[130050.201234] Free swap  = 0kB
[130050.201235] Total swap = 0kB
[130050.201236] 262045 pages RAM
[130050.201237] 0 pages HighMem/MovableOnly
[130050.201238] 8410 pages reserved
[130050.201239] 0 pages cma reserved
[130050.201239] 0 pages hwpoisoned
[130050.201240] [ pid ]   uid  tgid total_vm      rss nr_ptes nr_pmds swapents oom_score_adj name
[130050.201244] [  369]     0   369     7124      492      16       3        0             0 systemd-journal
[130050.201247] [  434]     0   434    23693      190      17       3        0             0 lvmetad
[130050.201249] [  467]     0   467    10729      462      22       3        0         -1000 systemd-udevd
[130050.201251] [  528]   100   528    25081      330      19       3        0             0 systemd-timesyn
[130050.201253] [ 1000]     0  1000     4030      517      11       3        0             0 dhclient
[130050.201255] [ 1119]     0  1119     1305       29       8       3        0             0 iscsid
[130050.201257] [ 1120]     0  1120     1430      878       9       3        0           -17 iscsid
[130050.201259] [ 1122]     0  1122   158986     1440      31       4        0             0 lxcfs
[130050.201261] [ 1136]     0  1136     6932      438      18       3        0             0 cron
[130050.201263] [ 1139]     0  1139    68649      213      38       3        0             0 accounts-daemon
[130050.201265] [ 1149]     0  1149    16377      438      36       4        0         -1000 sshd
[130050.201267] [ 1157]   104  1157    65157      217      29       3        0             0 rsyslogd
[130050.201269] [ 1163]   107  1163    10725      234      27       3        0          -900 dbus-daemon
[130050.201271] [ 1172]     0  1172     6511      409      19       3        0             0 atd
[130050.201273] [ 1174]     0  1174     7154      496      18       3        0             0 systemd-logind
[130050.201275] [ 1181]     0  1181     1099      297       8       3        0             0 acpid
[130050.201277] [ 1187]     0  1187    70365     2568      34       5        0          -900 snapd
[130050.201279] [ 1201]     0  1201     3343       35      11       3        0             0 mdadm
[130050.201280] [ 1206]     0  1206    31278      346      45       3        0             0 nginx
[130050.201282] [ 1208]    33  1208    31431      653      45       3        0             0 nginx
[130050.201284] [ 1210]     0  1210    69294      188      38       3        0             0 polkitd
[130050.201287] [ 1270]   112  1270    73356     3568      69       3        0          -900 postgres
[130050.201288] [ 1292]     0  1292     3618      401      12       3        0             0 agetty
[130050.201290] [ 1295]     0  1295     3664      335      12       3        0             0 agetty
[130050.201292] [ 1299]   112  1299    73389     1278      66       3        0             0 postgres
[130050.201294] [ 1300]   112  1300    73356      556      60       3        0             0 postgres
[130050.201296] [ 1301]   112  1301    73356     1620      61       3        0             0 postgres
[130050.201298] [ 1302]   112  1302    73452      500      64       3        0             0 postgres
[130050.201300] [ 1303]   112  1303    37142      443      57       3        0             0 postgres
[130050.201302] [24245]  1000 24245    11286      526      26       3        0             0 systemd
[130050.201304] [24248]  1000 24248    15288      465      33       4        0             0 (sd-pam)
[130050.201306] [28094]     0 28094    23199      651      50       3        0             0 sshd
[130050.201307] [28125]  1000 28125    23199      392      48       3        0             0 sshd
[130050.201309] [28126]  1000 28126     5348      913      14       3        0             0 bash
[130050.201311] [28363]     0 28363    23199      582      49       3        0             0 sshd
[130050.201313] [28416]  1000 28416    23199      472      47       3        0             0 sshd
[130050.201315] [28417]  1000 28417     3220      430      12       4        0             0 sftp-server
[130050.201317] [29139]  1000 29139     6513      394      16       3        0             0 screen
[130050.201319] [29140]  1000 29140     5304      847      13       3        0             0 bash
[130050.201321] [30072]  1000 30072     6513      454      17       3        0             0 screen
[130050.201323] [30073]  1000 30073     5304      831      14       3        0             0 bash
[130050.201324] [30437]  1000 30437     6578      454      17       3        0             0 screen
[130050.201326] [30449]  1000 30449     5335      884      15       3        0             0 bash
[130050.201328] [30837]     0 30837    23199      674      50       3        0             0 sshd
[130050.201330] [30868]  1000 30868    23199      458      49       3        0             0 sshd
[130050.201332] [30869]  1000 30869     5347      880      15       3        0             0 bash
[130050.201334] [30899]     0 30899    23199      672      49       3        0             0 sshd
[130050.201336] [30930]  1000 30930    23199      324      48       3        0             0 sshd
[130050.201338] [30931]  1000 30931     5348      903      15       3        0             0 bash
[130050.201339] [30956]  1000 30956     6443      384      17       3        0             0 screen
[130050.201341] [31337]  1000 31337    41601     7387      84       3        0             0 uwsgi
[130050.201343] [31349]  1000 31349    46085    11555      92       3        0             0 uwsgi
[130050.201345] [31350]  1000 31350    43526     9407      87       3        0             0 uwsgi
[130050.201347] [31351]  1000 31351    43464     8964      87       3        0             0 uwsgi
[130050.201349] [31352]  1000 31352    45053    10505      90       3        0             0 uwsgi
[130050.201351] [31684]     0 31684    23199      644      51       3        0             0 sshd
[130050.201353] [31717]  1000 31717    23199      545      50       3        0             0 sshd
[130050.201355] [31718]  1000 31718     3220      444      12       3        0             0 sftp-server
[130050.201357] [31730]  1000 31730   344608   169798     497       4        0             0 python3
[130050.201359] Out of memory: Kill process 31730 (python3) score 671 or sacrifice child
[130050.207944] Killed process 31730 (python3) total-vm:1378432kB, anon-rss:678016kB, file-rss:1176kB
[130050.216806] systemd-journal invoked oom-killer: gfp_mask=0x24201ca, order=0, oom_score_adj=0
[130050.216809] systemd-journal cpuset=/ mems_allowed=0
[130050.216813] CPU: 0 PID: 369 Comm: systemd-journal Not tainted 4.4.0-1052-aws #61-Ubuntu
[130050.216815] Hardware name: Xen HVM domU, BIOS 4.2.amazon 08/24/2006
[130050.216816]  0000000000000286 0b441b6c44422fb3 ffff8800373c79f8 ffffffff813fce53
[130050.216819]  ffff8800373c7bb0 ffff88003ab4b700 ffff8800373c7a68 ffffffff8120d1ba
[130050.216821]  ffffffff81cc4e89 0000000000000000 ffffffff81e6a160 0000000000000206
[130050.216823] Call Trace:
[130050.216828]  [<ffffffff813fce53>] dump_stack+0x63/0x90
[130050.216832]  [<ffffffff8120d1ba>] dump_header+0x5a/0x1c5
[130050.216835]  [<ffffffff81193eb2>] oom_kill_process+0x202/0x3c0
[130050.216837]  [<ffffffff811942d9>] out_of_memory+0x219/0x460
[130050.216840]  [<ffffffff8119a305>] __alloc_pages_slowpath.constprop.88+0x965/0xb00
[130050.216842]  [<ffffffff8119a728>] __alloc_pages_nodemask+0x288/0x2a0
[130050.216847]  [<ffffffff811e428c>] alloc_pages_current+0x8c/0x110
[130050.216850]  [<ffffffff811903cb>] __page_cache_alloc+0xab/0xc0
[130050.216852]  [<ffffffff81192950>] filemap_fault+0x150/0x400
[130050.216856]  [<ffffffff812a5266>] ext4_filemap_fault+0x36/0x50
[130050.216859]  [<ffffffff811bf7d6>] __do_fault+0x56/0xf0
[130050.216862]  [<ffffffff811c3332>] handle_mm_fault+0xfa2/0x1820
[130050.216865]  [<ffffffff8125aa8a>] ? ep_poll+0x21a/0x3d0
[130050.216869]  [<ffffffff8106c737>] __do_page_fault+0x197/0x400
[130050.216871]  [<ffffffff8106c9c2>] do_page_fault+0x22/0x30
[130050.216875]  [<ffffffff81825098>] page_fault+0x28/0x30
[130050.216876] Mem-Info:
[130050.216880] active_anon:221483 inactive_anon:4300 isolated_anon:0
                 active_file:6 inactive_file:24 isolated_file:0
                 unevictable:913 dirty:0 writeback:0 unstable:0
                 slab_reclaimable:3533 slab_unreclaimable:4532
                 mapped:3888 shmem:5518 pagetables:2588 bounce:0
                 free:12219 free_pcp:108 free_cma:0
[130050.216884] Node 0 DMA free:4544kB min:716kB low:892kB high:1072kB active_anon:9996kB inactive_anon:248kB active_file:0kB inactive_file:0kB unevictable:120kB isolated(anon):0kB isolated(file):0kB present:15988kB managed:15904kB mlocked:120kB dirty:0kB writeback:0kB mapped:264kB shmem:252kB slab_reclaimable:84kB slab_unreclaimable:372kB kernel_stack:48kB pagetables:240kB unstable:0kB bounce:0kB free_pcp:0kB local_pcp:0kB free_cma:0kB writeback_tmp:0kB pages_scanned:0 all_unreclaimable? yes
[130050.216889] lowmem_reserve[]: 0 959 959 959 959
[130050.216891] Node 0 DMA32 free:44332kB min:44336kB low:55420kB high:66504kB active_anon:875936kB inactive_anon:16952kB active_file:24kB inactive_file:96kB unevictable:3532kB isolated(anon):0kB isolated(file):0kB present:1032192kB managed:998636kB mlocked:3532kB dirty:0kB writeback:0kB mapped:15288kB shmem:21820kB slab_reclaimable:14048kB slab_unreclaimable:17756kB kernel_stack:2832kB pagetables:10112kB unstable:0kB bounce:0kB free_pcp:432kB local_pcp:432kB free_cma:0kB writeback_tmp:0kB pages_scanned:351292 all_unreclaimable? yes
[130050.216896] lowmem_reserve[]: 0 0 0 0 0
[130050.216899] Node 0 DMA: 6*4kB (UE) 5*8kB (E) 6*16kB (UE) 1*32kB (E) 0*64kB 6*128kB (UME) 0*256kB 3*512kB (UME) 2*1024kB (ME) 0*2048kB 0*4096kB = 4544kB
[130050.216908] Node 0 DMA32: 171*4kB (UE) 126*8kB (E) 185*16kB (UE) 164*32kB (E) 122*64kB (UME) 78*128kB (UME) 43*256kB (UME) 11*512kB (ME) 0*1024kB 0*2048kB 0*4096kB = 44332kB
[130050.216917] Node 0 hugepages_total=0 hugepages_free=0 hugepages_surp=0 hugepages_size=2048kB
[130050.216918] 6155 total pagecache pages
[130050.216920] 0 pages in swap cache
[130050.216921] Swap cache stats: add 0, delete 0, find 0/0
[130050.216922] Free swap  = 0kB
[130050.216923] Total swap = 0kB
[130050.216924] 262045 pages RAM
[130050.216925] 0 pages HighMem/MovableOnly
[130050.216925] 8410 pages reserved
[130050.216926] 0 pages cma reserved
[130050.216927] 0 pages hwpoisoned
[130050.216928] [ pid ]   uid  tgid total_vm      rss nr_ptes nr_pmds swapents oom_score_adj name
[130050.216932] [  369]     0   369     7124      492      16       3        0             0 systemd-journal
[130050.216934] [  434]     0   434    23693      190      17       3        0             0 lvmetad
[130050.216937] [  467]     0   467    10729      462      22       3        0         -1000 systemd-udevd
[130050.216938] [  528]   100   528    25081      330      19       3        0             0 systemd-timesyn
[130050.216940] [ 1000]     0  1000     4030      517      11       3        0             0 dhclient
[130050.216942] [ 1119]     0  1119     1305       29       8       3        0             0 iscsid
[130050.216944] [ 1120]     0  1120     1430      878       9       3        0           -17 iscsid
[130050.216946] [ 1122]     0  1122   158986     1440      31       4        0             0 lxcfs
[130050.216948] [ 1136]     0  1136     6932      438      18       3        0             0 cron
[130050.216950] [ 1139]     0  1139    68649      213      38       3        0             0 accounts-daemon
[130050.216952] [ 1149]     0  1149    16377      438      36       4        0         -1000 sshd
[130050.216954] [ 1157]   104  1157    65157      217      29       3        0             0 rsyslogd
[130050.216956] [ 1163]   107  1163    10725      234      27       3        0          -900 dbus-daemon
[130050.216958] [ 1172]     0  1172     6511      409      19       3        0             0 atd
[130050.216960] [ 1174]     0  1174     7154      496      18       3        0             0 systemd-logind
[130050.216962] [ 1181]     0  1181     1099      297       8       3        0             0 acpid
[130050.216964] [ 1187]     0  1187    70365     2568      34       5        0          -900 snapd
[130050.216966] [ 1201]     0  1201     3343       35      11       3        0             0 mdadm
[130050.216968] [ 1206]     0  1206    31278      346      45       3        0             0 nginx
[130050.216970] [ 1208]    33  1208    31431      653      45       3        0             0 nginx
[130050.216972] [ 1210]     0  1210    69294      188      38       3        0             0 polkitd
[130050.216974] [ 1270]   112  1270    73356     3568      69       3        0          -900 postgres
[130050.216976] [ 1292]     0  1292     3618      401      12       3        0             0 agetty
[130050.216977] [ 1295]     0  1295     3664      335      12       3        0             0 agetty
[130050.216979] [ 1299]   112  1299    73389     1278      66       3        0             0 postgres
[130050.216981] [ 1300]   112  1300    73356      556      60       3        0             0 postgres
[130050.216983] [ 1301]   112  1301    73356     1620      61       3        0             0 postgres
[130050.216985] [ 1302]   112  1302    73452      500      64       3        0             0 postgres
[130050.216987] [ 1303]   112  1303    37142      443      57       3        0             0 postgres
[130050.216989] [24245]  1000 24245    11286      526      26       3        0             0 systemd
[130050.216991] [24248]  1000 24248    15288      465      33       4        0             0 (sd-pam)
[130050.216993] [28094]     0 28094    23199      651      50       3        0             0 sshd
[130050.216994] [28125]  1000 28125    23199      392      48       3        0             0 sshd
[130050.216996] [28126]  1000 28126     5348      913      14       3        0             0 bash
[130050.216998] [28363]     0 28363    23199      582      49       3        0             0 sshd
[130050.217000] [28416]  1000 28416    23199      472      47       3        0             0 sshd
[130050.217002] [28417]  1000 28417     3220      430      12       4        0             0 sftp-server
[130050.217004] [29139]  1000 29139     6513      394      16       3        0             0 screen
[130050.217006] [29140]  1000 29140     5304      847      13       3        0             0 bash
[130050.217008] [30072]  1000 30072     6513      454      17       3        0             0 screen
[130050.217009] [30073]  1000 30073     5304      831      14       3        0             0 bash
[130050.217011] [30437]  1000 30437     6578      454      17       3        0             0 screen
[130050.217013] [30449]  1000 30449     5335      884      15       3        0             0 bash
[130050.217015] [30837]     0 30837    23199      674      50       3        0             0 sshd
[130050.217017] [30868]  1000 30868    23199      458      49       3        0             0 sshd
[130050.217019] [30869]  1000 30869     5347      880      15       3        0             0 bash
[130050.217020] [30899]     0 30899    23199      672      49       3        0             0 sshd
[130050.217022] [30930]  1000 30930    23199      324      48       3        0             0 sshd
[130050.217024] [30931]  1000 30931     5348      903      15       3        0             0 bash
[130050.217026] [30956]  1000 30956     6443      384      17       3        0             0 screen
[130050.217028] [31337]  1000 31337    41601     7387      84       3        0             0 uwsgi
[130050.217030] [31349]  1000 31349    46085    11555      92       3        0             0 uwsgi
[130050.217032] [31350]  1000 31350    43526     9407      87       3        0             0 uwsgi
[130050.217034] [31351]  1000 31351    43464     8964      87       3        0             0 uwsgi
[130050.217036] [31352]  1000 31352    45053    10505      90       3        0             0 uwsgi
[130050.217038] [31684]     0 31684    23199      644      51       3        0             0 sshd
[130050.217039] [31717]  1000 31717    23199      545      50       3        0             0 sshd
[130050.217041] [31718]  1000 31718     3220      444      12       3        0             0 sftp-server
[130050.217043] [31738]  1000 31730   344608   169963     497       4        0             0 python3
[130050.217045] Out of memory: Kill process 31738 (python3) score 672 or sacrifice child
[130050.222176] Killed process 31738 (python3) total-vm:1378432kB, anon-rss:678188kB, file-rss:1664kB
[130112.130057] TCP: request_sock_TCP: Possible SYN flooding on port 8000. Sending cookies.  Check SNMP counters.
[130121.885608] python3 invoked oom-killer: gfp_mask=0x24201ca, order=0, oom_score_adj=0
[130121.885611] python3 cpuset=/ mems_allowed=0
[130121.885616] CPU: 0 PID: 31757 Comm: python3 Not tainted 4.4.0-1052-aws #61-Ubuntu
[130121.885618] Hardware name: Xen HVM domU, BIOS 4.2.amazon 08/24/2006
[130121.885619]  0000000000000286 6b0844b9f82f3fe7 ffff8800364a79f8 ffffffff813fce53
[130121.885622]  ffff8800364a7bb0 ffff88003ce9e040 ffff8800364a7a68 ffffffff8120d1ba
[130121.885624]  ffffffff81cc4e89 0000000000000000 ffffffff81e6a160 0000000000000206
[130121.885626] Call Trace:
[130121.885632]  [<ffffffff813fce53>] dump_stack+0x63/0x90
[130121.885636]  [<ffffffff8120d1ba>] dump_header+0x5a/0x1c5
[130121.885640]  [<ffffffff81193eb2>] oom_kill_process+0x202/0x3c0
[130121.885642]  [<ffffffff811942d9>] out_of_memory+0x219/0x460
[130121.885645]  [<ffffffff8119a305>] __alloc_pages_slowpath.constprop.88+0x965/0xb00
[130121.885647]  [<ffffffff8119a728>] __alloc_pages_nodemask+0x288/0x2a0
[130121.885652]  [<ffffffff811e428c>] alloc_pages_current+0x8c/0x110
[130121.885655]  [<ffffffff811903cb>] __page_cache_alloc+0xab/0xc0
[130121.885657]  [<ffffffff81192950>] filemap_fault+0x150/0x400
[130121.885661]  [<ffffffff812a5266>] ext4_filemap_fault+0x36/0x50
[130121.885665]  [<ffffffff811bf7d6>] __do_fault+0x56/0xf0
[130121.885668]  [<ffffffff811c3332>] handle_mm_fault+0xfa2/0x1820
[130121.885671]  [<ffffffff8106c737>] __do_page_fault+0x197/0x400
[130121.885673]  [<ffffffff8106c9c2>] do_page_fault+0x22/0x30
[130121.885677]  [<ffffffff81825098>] page_fault+0x28/0x30
[130121.885679] Mem-Info:
[130121.885683] active_anon:221617 inactive_anon:4299 isolated_anon:6
                 active_file:7 inactive_file:38 isolated_file:0
                 unevictable:913 dirty:1 writeback:0 unstable:0
                 slab_reclaimable:3476 slab_unreclaimable:4510
                 mapped:3935 shmem:5511 pagetables:2476 bounce:0
                 free:12213 free_pcp:170 free_cma:0
[130121.885687] Node 0 DMA free:4552kB min:716kB low:892kB high:1072kB active_anon:10172kB inactive_anon:248kB active_file:0kB inactive_file:0kB unevictable:120kB isolated(anon):0kB isolated(file):0kB present:15988kB managed:15904kB mlocked:120kB dirty:0kB writeback:0kB mapped:260kB shmem:252kB slab_reclaimable:56kB slab_unreclaimable:372kB kernel_stack:48kB pagetables:180kB unstable:0kB bounce:0kB free_pcp:0kB local_pcp:0kB free_cma:0kB writeback_tmp:0kB pages_scanned:0 all_unreclaimable? yes
[130121.885692] lowmem_reserve[]: 0 959 959 959 959
[130121.885695] Node 0 DMA32 free:44300kB min:44336kB low:55420kB high:66504kB active_anon:876296kB inactive_anon:16948kB active_file:28kB inactive_file:152kB unevictable:3532kB isolated(anon):24kB isolated(file):0kB present:1032192kB managed:998636kB mlocked:3532kB dirty:4kB writeback:0kB mapped:15480kB shmem:21792kB slab_reclaimable:13848kB slab_unreclaimable:17668kB kernel_stack:2784kB pagetables:9724kB unstable:0kB bounce:0kB free_pcp:680kB local_pcp:680kB free_cma:0kB writeback_tmp:0kB pages_scanned:1244 all_unreclaimable? yes
[130121.885700] lowmem_reserve[]: 0 0 0 0 0
[130121.885702] Node 0 DMA: 8*4kB (UME) 7*8kB (UME) 9*16kB (UME) 3*32kB (UE) 0*64kB 5*128kB (UME) 0*256kB 3*512kB (UME) 2*1024kB (ME) 0*2048kB 0*4096kB = 4552kB
[130121.885711] Node 0 DMA32: 179*4kB (UME) 122*8kB (E) 203*16kB (UME) 166*32kB (UE) 122*64kB (UE) 77*128kB (UE) 44*256kB (UME) 10*512kB (E) 0*1024kB 0*2048kB 0*4096kB = 44300kB
[130121.885721] Node 0 hugepages_total=0 hugepages_free=0 hugepages_surp=0 hugepages_size=2048kB
[130121.885722] 6173 total pagecache pages
[130121.885723] 0 pages in swap cache
[130121.885724] Swap cache stats: add 0, delete 0, find 0/0
[130121.885725] Free swap  = 0kB
[130121.885726] Total swap = 0kB
[130121.885727] 262045 pages RAM
[130121.885728] 0 pages HighMem/MovableOnly
[130121.885729] 8410 pages reserved
[130121.885730] 0 pages cma reserved
[130121.885731] 0 pages hwpoisoned
[130121.885732] [ pid ]   uid  tgid total_vm      rss nr_ptes nr_pmds swapents oom_score_adj name
[130121.885736] [  369]     0   369     9238     1512      19       3        0             0 systemd-journal
[130121.885738] [  434]     0   434    23693      190      17       3        0             0 lvmetad
[130121.885740] [  467]     0   467    10729      390      22       3        0         -1000 systemd-udevd
[130121.885742] [  528]   100   528    25081      293      19       3        0             0 systemd-timesyn
[130121.885744] [ 1000]     0  1000     4030      517      11       3        0             0 dhclient
[130121.885746] [ 1119]     0  1119     1305       29       8       3        0             0 iscsid
[130121.885748] [ 1120]     0  1120     1430      878       9       3        0           -17 iscsid
[130121.885750] [ 1122]     0  1122   158986     1440      31       4        0             0 lxcfs
[130121.885752] [ 1136]     0  1136     6932      389      18       3        0             0 cron
[130121.885754] [ 1139]     0  1139    68649      213      38       3        0             0 accounts-daemon
[130121.885756] [ 1149]     0  1149    16377      376      36       4        0         -1000 sshd
[130121.885758] [ 1157]   104  1157    65157      371      29       3        0             0 rsyslogd
[130121.885760] [ 1163]   107  1163    10725      118      27       3        0          -900 dbus-daemon
[130121.885762] [ 1172]     0  1172     6511      409      19       3        0             0 atd
[130121.885764] [ 1174]     0  1174     7154      349      18       3        0             0 systemd-logind
[130121.885766] [ 1181]     0  1181     1099      297       8       3        0             0 acpid
[130121.885767] [ 1187]     0  1187    70365     2568      34       5        0          -900 snapd
[130121.885769] [ 1201]     0  1201     3343       35      11       3        0             0 mdadm
[130121.885771] [ 1206]     0  1206    31278      346      45       3        0             0 nginx
[130121.885773] [ 1208]    33  1208    31431      543      45       3        0             0 nginx
[130121.885775] [ 1210]     0  1210    69294      179      38       3        0             0 polkitd
[130121.885777] [ 1270]   112  1270    73356     3459      69       3        0          -900 postgres
[130121.885779] [ 1292]     0  1292     3618      401      12       3        0             0 agetty
[130121.885781] [ 1295]     0  1295     3664      335      12       3        0             0 agetty
[130121.885783] [ 1299]   112  1299    73389     1278      66       3        0             0 postgres
[130121.885785] [ 1300]   112  1300    73356      463      60       3        0             0 postgres
[130121.885787] [ 1301]   112  1301    73356     1557      61       3        0             0 postgres
[130121.885788] [ 1302]   112  1302    73452      552      64       3        0             0 postgres
[130121.885790] [ 1303]   112  1303    37142      549      57       3        0             0 postgres
[130121.885792] [24245]  1000 24245    11286      526      26       3        0             0 systemd
[130121.885794] [24248]  1000 24248    15288      465      33       4        0             0 (sd-pam)
[130121.885796] [28094]     0 28094    23199      651      50       3        0             0 sshd
[130121.885811] [28125]  1000 28125    23199      392      48       3        0             0 sshd
[130121.885813] [28126]  1000 28126     5348      913      14       3        0             0 bash
[130121.885814] [28363]     0 28363    23199      582      49       3        0             0 sshd
[130121.885816] [28416]  1000 28416    23199      472      47       3        0             0 sshd
[130121.885818] [28417]  1000 28417     3220      430      12       4        0             0 sftp-server
[130121.885820] [29139]  1000 29139     6513      394      16       3        0             0 screen
[130121.885822] [29140]  1000 29140     5304      847      13       3        0             0 bash
[130121.885836] [30072]  1000 30072     6513      454      17       3        0             0 screen
[130121.885838] [30073]  1000 30073     5304      831      14       3        0             0 bash
[130121.885840] [30437]  1000 30437     6578      512      17       3        0             0 screen
[130121.885842] [30449]  1000 30449     5335      860      15       3        0             0 bash
[130121.885843] [30837]     0 30837    23199      674      50       3        0             0 sshd
[130121.885845] [30868]  1000 30868    23199      354      49       3        0             0 sshd
[130121.885847] [30869]  1000 30869     5347      880      15       3        0             0 bash
[130121.885848] [30899]     0 30899    23199      672      49       3        0             0 sshd
[130121.885850] [30930]  1000 30930    23199      324      48       3        0             0 sshd
[130121.885852] [30931]  1000 30931     5348      903      15       3        0             0 bash
[130121.885854] [30956]  1000 30956     6443      337      17       3        0             0 screen
[130121.885855] [31337]  1000 31337    41601     7279      84       3        0             0 uwsgi
[130121.885857] [31349]  1000 31349    46085    11555      92       3        0             0 uwsgi
[130121.885859] [31350]  1000 31350    43526     9407      87       3        0             0 uwsgi
[130121.885861] [31351]  1000 31351    43464     8964      87       3        0             0 uwsgi
[130121.885862] [31352]  1000 31352    45053    10505      90       3        0             0 uwsgi
[130121.885864] [31754]  1000 31754   344609   169324     502       4        0             0 python3
[130121.885866] Out of memory: Kill process 31754 (python3) score 669 or sacrifice child
[130121.890666] Killed process 31754 (python3) total-vm:1378436kB, anon-rss:675968kB, file-rss:1328kB
[130186.398218] TCP: request_sock_TCP: Possible SYN flooding on port 8000. Sending cookies.  Check SNMP counters.
[130201.108738] gmain invoked oom-killer: gfp_mask=0x24201ca, order=0, oom_score_adj=0
[130201.108742] gmain cpuset=/ mems_allowed=0
[130201.108747] CPU: 0 PID: 1153 Comm: gmain Not tainted 4.4.0-1052-aws #61-Ubuntu
[130201.108748] Hardware name: Xen HVM domU, BIOS 4.2.amazon 08/24/2006
[130201.108750]  0000000000000286 672354f1c435c67a ffff88003ac9f9f8 ffffffff813fce53
[130201.108752]  ffff88003ac9fbb0 ffff88003ab4b700 ffff88003ac9fa68 ffffffff8120d1ba
[130201.108754]  ffffffff81cc4e89 0000000000000000 ffffffff81e6a160 0000000000000206
[130201.108757] Call Trace:
[130201.108763]  [<ffffffff813fce53>] dump_stack+0x63/0x90
[130201.108766]  [<ffffffff8120d1ba>] dump_header+0x5a/0x1c5
[130201.108770]  [<ffffffff81193eb2>] oom_kill_process+0x202/0x3c0
[130201.108772]  [<ffffffff811942d9>] out_of_memory+0x219/0x460
[130201.108775]  [<ffffffff8119a305>] __alloc_pages_slowpath.constprop.88+0x965/0xb00
[130201.108777]  [<ffffffff8119a728>] __alloc_pages_nodemask+0x288/0x2a0
[130201.108782]  [<ffffffff811e428c>] alloc_pages_current+0x8c/0x110
[130201.108785]  [<ffffffff811903cb>] __page_cache_alloc+0xab/0xc0
[130201.108787]  [<ffffffff81192950>] filemap_fault+0x150/0x400
[130201.108790]  [<ffffffff812a5266>] ext4_filemap_fault+0x36/0x50
[130201.108794]  [<ffffffff811bf7d6>] __do_fault+0x56/0xf0
[130201.108797]  [<ffffffff811c3332>] handle_mm_fault+0xfa2/0x1820
[130201.108800]  [<ffffffff8125ed2f>] ? eventfd_ctx_read+0x18f/0x210
[130201.108803]  [<ffffffff811ef6e9>] ? kmem_cache_alloc+0x189/0x1f0
[130201.108806]  [<ffffffff8106c737>] __do_page_fault+0x197/0x400
[130201.108808]  [<ffffffff8106c9c2>] do_page_fault+0x22/0x30
[130201.108812]  [<ffffffff81825098>] page_fault+0x28/0x30
[130201.108814] Mem-Info:
[130201.108818] active_anon:221533 inactive_anon:4299 isolated_anon:4
                 active_file:16 inactive_file:51 isolated_file:0
                 unevictable:913 dirty:0 writeback:0 unstable:0
                 slab_reclaimable:3520 slab_unreclaimable:4516
                 mapped:3941 shmem:5511 pagetables:2522 bounce:0
                 free:12197 free_pcp:139 free_cma:0
[130201.108821] Node 0 DMA free:4552kB min:716kB low:892kB high:1072kB active_anon:9892kB inactive_anon:248kB active_file:0kB inactive_file:188kB unevictable:120kB isolated(anon):0kB isolated(file):0kB present:15988kB managed:15904kB mlocked:120kB dirty:0kB writeback:0kB mapped:328kB shmem:252kB slab_reclaimable:56kB slab_unreclaimable:372kB kernel_stack:48kB pagetables:200kB unstable:0kB bounce:0kB free_pcp:0kB local_pcp:0kB free_cma:0kB writeback_tmp:0kB pages_scanned:1644 all_unreclaimable? yes
[130201.108826] lowmem_reserve[]: 0 959 959 959 959
[130201.108829] Node 0 DMA32 free:44236kB min:44336kB low:55420kB high:66504kB active_anon:876240kB inactive_anon:16948kB active_file:64kB inactive_file:16kB unevictable:3532kB isolated(anon):16kB isolated(file):0kB present:1032192kB managed:998636kB mlocked:3532kB dirty:0kB writeback:0kB mapped:15436kB shmem:21792kB slab_reclaimable:14024kB slab_unreclaimable:17692kB kernel_stack:2816kB pagetables:9888kB unstable:0kB bounce:0kB free_pcp:556kB local_pcp:556kB free_cma:0kB writeback_tmp:0kB pages_scanned:33332 all_unreclaimable? yes
[130201.108833] lowmem_reserve[]: 0 0 0 0 0
[130201.108836] Node 0 DMA: 4*4kB (E) 7*8kB (UME) 6*16kB (UE) 3*32kB (ME) 1*64kB (U) 3*128kB (UE) 1*256kB (M) 3*512kB (UME) 2*1024kB (ME) 0*2048kB 0*4096kB = 4552kB
[130201.108845] Node 0 DMA32: 171*4kB (UME) 122*8kB (UME) 187*16kB (UE) 166*32kB (UME) 122*64kB (UE) 77*128kB (UE) 43*256kB (UE) 11*512kB (ME) 0*1024kB 0*2048kB 0*4096kB = 44268kB
[130201.108855] Node 0 hugepages_total=0 hugepages_free=0 hugepages_surp=0 hugepages_size=2048kB
[130201.108856] 6186 total pagecache pages
[130201.108857] 0 pages in swap cache
[130201.108858] Swap cache stats: add 0, delete 0, find 0/0
[130201.108859] Free swap  = 0kB
[130201.108860] Total swap = 0kB
[130201.108861] 262045 pages RAM
[130201.108862] 0 pages HighMem/MovableOnly
[130201.108863] 8410 pages reserved
[130201.108864] 0 pages cma reserved
[130201.108865] 0 pages hwpoisoned
[130201.108865] [ pid ]   uid  tgid total_vm      rss nr_ptes nr_pmds swapents oom_score_adj name
[130201.108869] [  369]     0   369     9238     1482      19       3        0             0 systemd-journal
[130201.108872] [  434]     0   434    23693      190      17       3        0             0 lvmetad
[130201.108874] [  467]     0   467    10729      387      22       3        0         -1000 systemd-udevd
[130201.108876] [  528]   100   528    25081      291      19       3        0             0 systemd-timesyn
[130201.108878] [ 1000]     0  1000     4030      517      11       3        0             0 dhclient
[130201.108880] [ 1119]     0  1119     1305       29       8       3        0             0 iscsid
[130201.108882] [ 1120]     0  1120     1430      878       9       3        0           -17 iscsid
[130201.108884] [ 1122]     0  1122   158986     1440      31       4        0             0 lxcfs
[130201.108885] [ 1136]     0  1136     6932      337      18       3        0             0 cron
[130201.108887] [ 1139]     0  1139    68649      213      38       3        0             0 accounts-daemon
[130201.108889] [ 1149]     0  1149    16377      213      36       4        0         -1000 sshd
[130201.108891] [ 1157]   104  1157    65157      234      29       3        0             0 rsyslogd
[130201.108893] [ 1163]   107  1163    10725      328      27       3        0          -900 dbus-daemon
[130201.108895] [ 1172]     0  1172     6511      409      19       3        0             0 atd
[130201.108897] [ 1174]     0  1174     7154      496      18       3        0             0 systemd-logind
[130201.108899] [ 1181]     0  1181     1099      297       8       3        0             0 acpid
[130201.108901] [ 1187]     0  1187    70365     2568      34       5        0          -900 snapd
[130201.108903] [ 1201]     0  1201     3343       35      11       3        0             0 mdadm
[130201.108905] [ 1206]     0  1206    31278      346      45       3        0             0 nginx
[130201.108907] [ 1208]    33  1208    31431      841      45       3        0             0 nginx
[130201.108921] [ 1210]     0  1210    69294      179      38       3        0             0 polkitd
[130201.108923] [ 1270]   112  1270    73356     3489      69       3        0          -900 postgres
[130201.108925] [ 1292]     0  1292     3618      401      12       3        0             0 agetty
[130201.108927] [ 1295]     0  1295     3664      335      12       3        0             0 agetty
[130201.108928] [ 1299]   112  1299    73389     1278      66       3        0             0 postgres
[130201.108930] [ 1300]   112  1300    73356      986      60       3        0             0 postgres
[130201.108932] [ 1301]   112  1301    73356     1495      61       3        0             0 postgres
[130201.108934] [ 1302]   112  1302    73452      783      64       3        0             0 postgres
[130201.108936] [ 1303]   112  1303    37142      456      57       3        0             0 postgres
[130201.108938] [24245]  1000 24245    11286      526      26       3        0             0 systemd
[130201.108940] [24248]  1000 24248    15288      465      33       4        0             0 (sd-pam)
[130201.108942] [28094]     0 28094    23199      651      50       3        0             0 sshd
[130201.108944] [28125]  1000 28125    23199      516      48       3        0             0 sshd
[130201.108946] [28126]  1000 28126     5348      773      14       3        0             0 bash
[130201.108948] [28363]     0 28363    23199      582      49       3        0             0 sshd
[130201.108950] [28416]  1000 28416    23199      472      47       3        0             0 sshd
[130201.108952] [28417]  1000 28417     3220      430      12       4        0             0 sftp-server
[130201.108954] [29139]  1000 29139     6513      317      16       3        0             0 screen
[130201.108956] [29140]  1000 29140     5304      847      13       3        0             0 bash
[130201.108958] [30072]  1000 30072     6513      454      17       3        0             0 screen
[130201.108960] [30073]  1000 30073     5304      831      14       3        0             0 bash
[130201.108962] [30437]  1000 30437     6620      613      17       3        0             0 screen
[130201.108964] [30449]  1000 30449     5335      896      15       3        0             0 bash
[130201.108965] [30837]     0 30837    23199      674      50       3        0             0 sshd
[130201.108967] [30868]  1000 30868    23199      572      49       3        0             0 sshd
[130201.108969] [30869]  1000 30869     5347      880      15       3        0             0 bash
[130201.108971] [30899]     0 30899    23199      672      49       3        0             0 sshd
[130201.108973] [30930]  1000 30930    23199      468      48       3        0             0 sshd
[130201.108975] [30931]  1000 30931     5348      903      15       3        0             0 bash
[130201.108977] [30956]  1000 30956     6443      290      17       3        0             0 screen
[130201.108979] [31337]  1000 31337    41601     7663      84       3        0             0 uwsgi
[130201.108981] [31349]  1000 31349    46085    11555      92       3        0             0 uwsgi
[130201.108983] [31350]  1000 31350    43563     9329      87       3        0             0 uwsgi
[130201.108984] [31351]  1000 31351    43464     8964      87       3        0             0 uwsgi
[130201.108986] [31352]  1000 31352    45053    10457      90       3        0             0 uwsgi
[130201.108989] [31813]  1000 31813    13185     1137      27       3        0             0 vim
[130201.108990] [31821]  1000 31821     5329      911      15       3        0             0 bash
[130201.108992] [31834]  1000 31834   344607   167625     501       5        0             0 python3
[130201.108994] Out of memory: Kill process 31834 (python3) score 662 or sacrifice child
[130201.113125] Killed process 31834 (python3) total-vm:1378428kB, anon-rss:670500kB, file-rss:0kB
[130481.515723] TCP: request_sock_TCP: Possible SYN flooding on port 8000. Sending cookies.  Check SNMP counters.
[130514.527613] python3 invoked oom-killer: gfp_mask=0x24280ca, order=0, oom_score_adj=0
[130514.527616] python3 cpuset=/ mems_allowed=0
[130514.527622] CPU: 0 PID: 32044 Comm: python3 Not tainted 4.4.0-1052-aws #61-Ubuntu
[130514.527623] Hardware name: Xen HVM domU, BIOS 4.2.amazon 08/24/2006
[130514.527625]  0000000000000286 6d47069b9956a795 ffff88000456faf8 ffffffff813fce53
[130514.527627]  ffff88000456fcb0 ffff88003c508000 ffff88000456fb68 ffffffff8120d1ba
[130514.527629]  ffffffff81cc4e89 0000000000000000 ffffffff81e6a160 0000000000000206
[130514.527632] Call Trace:
[130514.527638]  [<ffffffff813fce53>] dump_stack+0x63/0x90
[130514.527642]  [<ffffffff8120d1ba>] dump_header+0x5a/0x1c5
[130514.527646]  [<ffffffff81193eb2>] oom_kill_process+0x202/0x3c0
[130514.527648]  [<ffffffff811942d9>] out_of_memory+0x219/0x460
[130514.527651]  [<ffffffff8119a305>] __alloc_pages_slowpath.constprop.88+0x965/0xb00
[130514.527653]  [<ffffffff8119a728>] __alloc_pages_nodemask+0x288/0x2a0
[130514.527658]  [<ffffffff811e5aad>] alloc_pages_vma+0xad/0x250
[130514.527662]  [<ffffffff811c349e>] handle_mm_fault+0x110e/0x1820
[130514.527665]  [<ffffffff811cc5b4>] ? mprotect_fixup+0x154/0x240
[130514.527669]  [<ffffffff8106c737>] __do_page_fault+0x197/0x400
[130514.527671]  [<ffffffff8106c9c2>] do_page_fault+0x22/0x30
[130514.527675]  [<ffffffff81825098>] page_fault+0x28/0x30
[130514.527677] Mem-Info:
[130514.527681] active_anon:221518 inactive_anon:4298 isolated_anon:6
                 active_file:158 inactive_file:204 isolated_file:0
                 unevictable:913 dirty:7 writeback:0 unstable:0
                 slab_reclaimable:3493 slab_unreclaimable:4461
                 mapped:4231 shmem:5504 pagetables:2422 bounce:0
                 free:12193 free_pcp:82 free_cma:0
[130514.527685] Node 0 DMA free:4544kB min:716kB low:892kB high:1072kB active_anon:10160kB inactive_anon:248kB active_file:0kB inactive_file:0kB unevictable:120kB isolated(anon):0kB isolated(file):0kB present:15988kB managed:15904kB mlocked:120kB dirty:0kB writeback:0kB mapped:272kB shmem:252kB slab_reclaimable:64kB slab_unreclaimable:376kB kernel_stack:48kB pagetables:228kB unstable:0kB bounce:0kB free_pcp:0kB local_pcp:0kB free_cma:0kB writeback_tmp:0kB pages_scanned:4 all_unreclaimable? yes
[130514.527691] lowmem_reserve[]: 0 959 959 959 959
[130514.527693] Node 0 DMA32 free:44228kB min:44336kB low:55420kB high:66504kB active_anon:875912kB inactive_anon:16944kB active_file:632kB inactive_file:816kB unevictable:3532kB isolated(anon):24kB isolated(file):0kB present:1032192kB managed:998636kB mlocked:3532kB dirty:28kB writeback:0kB mapped:16652kB shmem:21764kB slab_reclaimable:13908kB slab_unreclaimable:17468kB kernel_stack:2752kB pagetables:9460kB unstable:0kB bounce:0kB free_pcp:328kB local_pcp:328kB free_cma:0kB writeback_tmp:0kB pages_scanned:10760 all_unreclaimable? yes
[130514.527698] lowmem_reserve[]: 0 0 0 0 0
[130514.527701] Node 0 DMA: 8*4kB (UE) 8*8kB (UE) 12*16kB (UME) 5*32kB (UE) 4*64kB (UME) 4*128kB (UME) 1*256kB (E) 2*512kB (UM) 2*1024kB (ME) 0*2048kB 0*4096kB = 4544kB
[130514.527710] Node 0 DMA32: 179*4kB (ME) 161*8kB (UE) 227*16kB (UME) 188*32kB (UE) 131*64kB (UME) 85*128kB (UME) 34*256kB (UME) 9*512kB (E) 0*1024kB 0*2048kB 0*4096kB = 44228kB
[130514.527720] Node 0 hugepages_total=0 hugepages_free=0 hugepages_surp=0 hugepages_size=2048kB
[130514.527721] 6473 total pagecache pages
[130514.527722] 0 pages in swap cache
[130514.527724] Swap cache stats: add 0, delete 0, find 0/0
[130514.527725] Free swap  = 0kB
[130514.527726] Total swap = 0kB
[130514.527726] 262045 pages RAM
[130514.527727] 0 pages HighMem/MovableOnly
[130514.527728] 8410 pages reserved
[130514.527729] 0 pages cma reserved
[130514.527730] 0 pages hwpoisoned
[130514.527731] [ pid ]   uid  tgid total_vm      rss nr_ptes nr_pmds swapents oom_score_adj name
[130514.527735] [  369]     0   369     9238     1361      19       3        0             0 systemd-journal
[130514.527737] [  434]     0   434    23693      190      17       3        0             0 lvmetad
[130514.527739] [  467]     0   467    10729      312      22       3        0         -1000 systemd-udevd
[130514.527741] [  528]   100   528    25081      252      19       3        0             0 systemd-timesyn
[130514.527743] [ 1000]     0  1000     4030      517      11       3        0             0 dhclient
[130514.527745] [ 1119]     0  1119     1305       29       8       3        0             0 iscsid
[130514.527747] [ 1120]     0  1120     1430      878       9       3        0           -17 iscsid
[130514.527749] [ 1122]     0  1122   159018     1493      32       4        0             0 lxcfs
[130514.527751] [ 1136]     0  1136     6932      275      18       3        0             0 cron
[130514.527753] [ 1139]     0  1139    68649      213      38       3        0             0 accounts-daemon
[130514.527755] [ 1149]     0  1149    16377      177      36       4        0         -1000 sshd
[130514.527757] [ 1157]   104  1157    65157      223      29       3        0             0 rsyslogd
[130514.527759] [ 1163]   107  1163    10725      123      27       3        0          -900 dbus-daemon
[130514.527761] [ 1172]     0  1172     6511      409      19       3        0             0 atd
[130514.527763] [ 1174]     0  1174     7154      345      18       3        0             0 systemd-logind
[130514.527765] [ 1181]     0  1181     1099      297       8       3        0             0 acpid
[130514.527767] [ 1187]     0  1187    70365     2572      34       5        0          -900 snapd
[130514.527769] [ 1201]     0  1201     3343       35      11       3        0             0 mdadm
[130514.527771] [ 1206]     0  1206    31278      346      45       3        0             0 nginx
[130514.527773] [ 1208]    33  1208    31431      651      45       3        0             0 nginx
[130514.527775] [ 1210]     0  1210    69294      179      38       3        0             0 polkitd
[130514.527777] [ 1270]   112  1270    73356     3568      69       3        0          -900 postgres
[130514.527778] [ 1292]     0  1292     3618      401      12       3        0             0 agetty
[130514.527780] [ 1295]     0  1295     3664      335      12       3        0             0 agetty
[130514.527782] [ 1299]   112  1299    73389     1136      66       3        0             0 postgres
[130514.527784] [ 1300]   112  1300    73356      886      60       3        0             0 postgres
[130514.527786] [ 1301]   112  1301    73356     1432      61       3        0             0 postgres
[130514.527788] [ 1302]   112  1302    73452      507      64       3        0             0 postgres
[130514.527790] [ 1303]   112  1303    37142      456      57       3        0             0 postgres
[130514.527792] [24245]  1000 24245    11286      526      26       3        0             0 systemd
[130514.527794] [24248]  1000 24248    15288      465      33       4        0             0 (sd-pam)
[130514.527796] [28363]     0 28363    23199      582      49       3        0             0 sshd
[130514.527798] [28416]  1000 28416    23199      472      47       3        0             0 sshd
[130514.527799] [28417]  1000 28417     3220      430      12       4        0             0 sftp-server
[130514.527801] [29139]  1000 29139     6513      317      16       3        0             0 screen
[130514.527803] [29140]  1000 29140     5304      847      13       3        0             0 bash
[130514.527805] [30072]  1000 30072     6513      454      17       3        0             0 screen
[130514.527807] [30073]  1000 30073     5304      831      14       3        0             0 bash
[130514.527809] [30437]  1000 30437     6620      467      17       3        0             0 screen
[130514.527811] [30449]  1000 30449     5335      896      15       3        0             0 bash
[130514.527813] [30837]     0 30837    23199      674      50       3        0             0 sshd
[130514.527815] [30868]  1000 30868    23199      468      49       3        0             0 sshd
[130514.527817] [30869]  1000 30869     5347      880      15       3        0             0 bash
[130514.527819] [30899]     0 30899    23199      672      49       3        0             0 sshd
[130514.527821] [30930]  1000 30930    23199      329      48       3        0             0 sshd
[130514.527823] [30931]  1000 30931     5348      871      15       3        0             0 bash
[130514.527824] [30956]  1000 30956     6443      243      17       3        0             0 screen
[130514.527826] [31337]  1000 31337    41601     7553      84       3        0             0 uwsgi
[130514.527828] [31349]  1000 31349    46085    11555      92       3        0             0 uwsgi
[130514.527830] [31350]  1000 31350    43563     9329      87       3        0             0 uwsgi
[130514.527832] [31351]  1000 31351    43464     8964      87       3        0             0 uwsgi
[130514.527834] [31352]  1000 31352    45053    10457      90       3        0             0 uwsgi
[130514.527836] [31813]  1000 31813    13185      996      27       3        0             0 vim
[130514.527838] [31821]  1000 31821     5329      890      15       3        0             0 bash
[130514.527840] [32041]  1000 32041   332537   169033     519       4        0             0 python3
[130514.527841] Out of memory: Kill process 32041 (python3) score 668 or sacrifice child
[130514.532625] Killed process 32041 (python3) total-vm:1330148kB, anon-rss:673464kB, file-rss:2668kB
[130912.253214] TCP: request_sock_TCP: Possible SYN flooding on port 8000. Sending cookies.  Check SNMP counters.
[130950.319775] python3 invoked oom-killer: gfp_mask=0x24201ca, order=0, oom_score_adj=0
[130950.319779] python3 cpuset=/ mems_allowed=0
[130950.319784] CPU: 0 PID: 32078 Comm: python3 Not tainted 4.4.0-1052-aws #61-Ubuntu
[130950.319785] Hardware name: Xen HVM domU, BIOS 4.2.amazon 08/24/2006
[130950.319787]  0000000000000286 2077c04157910cf3 ffff8800364cb9f8 ffffffff813fce53
[130950.319789]  ffff8800364cbbb0 ffff88003c508000 ffff8800364cba68 ffffffff8120d1ba
[130950.319791]  ffffffff81cc4e89 0000000000000000 ffffffff81e6a160 0000000000000206
[130950.319793] Call Trace:
[130950.319798]  [<ffffffff813fce53>] dump_stack+0x63/0x90
